2024-11-12 17:10:52,108 Namespace(out_dir='out', frequent=10, eval_interval=1, gpu=False, num_workers=4)
2024-11-12 17:10:52,510 => load 200 samples
2024-11-12 17:10:52,511 => load 200 samples
2024-11-12 17:10:53,614 Epoch: [0][0/200]	Time 1.103s (1.103s)	Speed 29.0 samples/s	Data 0.823s (0.823s)	Loss 2.53727 (2.53727)
2024-11-12 17:10:55,891 Epoch: [0][10/200]	Time 0.229s (0.307s)	Speed 139.7 samples/s	Data 0.000s (0.075s)	Loss 2.07869 (2.27480)
2024-11-12 17:10:58,158 Epoch: [0][20/200]	Time 0.227s (0.269s)	Speed 140.8 samples/s	Data 0.000s (0.039s)	Loss 1.79167 (2.10414)
2024-11-12 17:11:00,471 Epoch: [0][30/200]	Time 0.230s (0.257s)	Speed 139.1 samples/s	Data 0.000s (0.027s)	Loss 1.54918 (1.95793)
2024-11-12 17:11:02,853 Epoch: [0][40/200]	Time 0.229s (0.252s)	Speed 139.6 samples/s	Data 0.000s (0.020s)	Loss 1.32548 (1.82735)
2024-11-12 17:11:05,182 Epoch: [0][50/200]	Time 0.248s (0.248s)	Speed 128.9 samples/s	Data 0.000s (0.016s)	Loss 1.13807 (1.70890)
2024-11-12 17:11:07,631 Epoch: [0][60/200]	Time 0.234s (0.248s)	Speed 136.5 samples/s	Data 0.000s (0.014s)	Loss 0.96398 (1.59891)
2024-11-12 17:11:10,003 Epoch: [0][70/200]	Time 0.239s (0.246s)	Speed 133.9 samples/s	Data 0.000s (0.012s)	Loss 0.81834 (1.49833)
2024-11-12 17:11:12,387 Epoch: [0][80/200]	Time 0.237s (0.245s)	Speed 135.1 samples/s	Data 0.000s (0.010s)	Loss 0.69447 (1.40563)
2024-11-12 17:11:14,775 Epoch: [0][90/200]	Time 0.237s (0.245s)	Speed 134.9 samples/s	Data 0.000s (0.009s)	Loss 0.61006 (1.32169)
2024-11-12 17:11:17,196 Epoch: [0][100/200]	Time 0.241s (0.244s)	Speed 132.9 samples/s	Data 0.000s (0.008s)	Loss 0.51593 (1.24580)
2024-11-12 17:11:19,609 Epoch: [0][110/200]	Time 0.243s (0.244s)	Speed 131.6 samples/s	Data 0.000s (0.008s)	Loss 0.44691 (1.17716)
2024-11-12 17:11:22,036 Epoch: [0][120/200]	Time 0.243s (0.244s)	Speed 131.7 samples/s	Data 0.000s (0.007s)	Loss 0.39165 (1.11513)
2024-11-12 17:11:24,479 Epoch: [0][130/200]	Time 0.242s (0.244s)	Speed 132.3 samples/s	Data 0.000s (0.007s)	Loss 0.37146 (1.05866)
2024-11-12 17:11:26,940 Epoch: [0][140/200]	Time 0.246s (0.244s)	Speed 130.0 samples/s	Data 0.000s (0.006s)	Loss 0.32968 (1.00820)
2024-11-12 17:11:29,393 Epoch: [0][150/200]	Time 0.246s (0.244s)	Speed 130.3 samples/s	Data 0.000s (0.006s)	Loss 0.30502 (0.96183)
2024-11-12 17:11:31,862 Epoch: [0][160/200]	Time 0.248s (0.244s)	Speed 129.2 samples/s	Data 0.000s (0.005s)	Loss 0.28763 (0.92003)
2024-11-12 17:11:34,333 Epoch: [0][170/200]	Time 0.246s (0.245s)	Speed 129.8 samples/s	Data 0.000s (0.005s)	Loss 0.27307 (0.88185)
2024-11-12 17:11:36,883 Epoch: [0][180/200]	Time 0.267s (0.245s)	Speed 119.9 samples/s	Data 0.000s (0.005s)	Loss 0.24293 (0.84711)
2024-11-12 17:11:39,453 Epoch: [0][190/200]	Time 0.248s (0.246s)	Speed 128.9 samples/s	Data 0.000s (0.005s)	Loss 0.21938 (0.81480)
2024-11-12 17:12:02,723 Test: [0/200]	Time 0.912 (0.912)	Loss 0.4760 (0.4760)
2024-11-12 17:12:02,879 Test: [10/200]	Time 0.013 (0.097)	Loss 0.1646 (0.3869)
2024-11-12 17:12:03,005 Test: [20/200]	Time 0.011 (0.057)	Loss 0.2899 (0.3998)
2024-11-12 17:12:03,155 Test: [30/200]	Time 0.012 (0.043)	Loss 0.5751 (0.4068)
2024-11-12 17:12:03,282 Test: [40/200]	Time 0.012 (0.036)	Loss 0.4240 (0.4225)
2024-11-12 17:12:03,401 Test: [50/200]	Time 0.011 (0.031)	Loss 0.5035 (0.4265)
2024-11-12 17:12:03,526 Test: [60/200]	Time 0.012 (0.028)	Loss 0.4948 (0.4274)
2024-11-12 17:12:03,650 Test: [70/200]	Time 0.012 (0.026)	Loss 0.4147 (0.4266)
2024-11-12 17:12:03,789 Test: [80/200]	Time 0.012 (0.024)	Loss 0.5199 (0.4210)
2024-11-12 17:12:03,912 Test: [90/200]	Time 0.013 (0.023)	Loss 0.5125 (0.4248)
2024-11-12 17:12:04,036 Test: [100/200]	Time 0.012 (0.022)	Loss 0.5393 (0.4237)
2024-11-12 17:12:04,163 Test: [110/200]	Time 0.012 (0.021)	Loss 0.5053 (0.4249)
2024-11-12 17:12:04,288 Test: [120/200]	Time 0.012 (0.020)	Loss 0.4861 (0.4221)
2024-11-12 17:12:04,413 Test: [130/200]	Time 0.011 (0.020)	Loss 0.4024 (0.4265)
2024-11-12 17:12:04,537 Test: [140/200]	Time 0.012 (0.019)	Loss 0.3796 (0.4253)
2024-11-12 17:12:04,663 Test: [150/200]	Time 0.012 (0.019)	Loss 0.4596 (0.4239)
2024-11-12 17:12:04,789 Test: [160/200]	Time 0.012 (0.018)	Loss 0.4412 (0.4236)
2024-11-12 17:12:04,913 Test: [170/200]	Time 0.012 (0.018)	Loss 0.3160 (0.4211)
2024-11-12 17:12:05,036 Test: [180/200]	Time 0.011 (0.018)	Loss 0.3412 (0.4189)
2024-11-12 17:12:05,163 Test: [190/200]	Time 0.013 (0.018)	Loss 0.3735 (0.4199)
2024-11-12 17:12:10,632 Mean IoU score: 0.170
2024-11-12 17:12:10,633 => saving checkpoint to out
2024-11-12 17:12:11,834 Epoch: [1][0/200]	Time 1.183s (1.183s)	Speed 27.1 samples/s	Data 0.937s (0.937s)	Loss 0.21209 (0.21209)
2024-11-12 17:12:14,153 Epoch: [1][10/200]	Time 0.232s (0.318s)	Speed 138.1 samples/s	Data 0.000s (0.085s)	Loss 0.21001 (0.21923)
2024-11-12 17:12:16,508 Epoch: [1][20/200]	Time 0.236s (0.279s)	Speed 135.8 samples/s	Data 0.000s (0.045s)	Loss 0.26456 (0.21538)
2024-11-12 17:12:18,906 Epoch: [1][30/200]	Time 0.247s (0.266s)	Speed 129.3 samples/s	Data 0.000s (0.031s)	Loss 0.17558 (0.21184)
2024-11-12 17:12:21,311 Epoch: [1][40/200]	Time 0.243s (0.260s)	Speed 131.8 samples/s	Data 0.000s (0.023s)	Loss 0.18869 (0.20657)
2024-11-12 17:12:23,762 Epoch: [1][50/200]	Time 0.248s (0.257s)	Speed 129.3 samples/s	Data 0.000s (0.019s)	Loss 0.16491 (0.20266)
2024-11-12 17:12:26,231 Epoch: [1][60/200]	Time 0.245s (0.255s)	Speed 130.4 samples/s	Data 0.000s (0.016s)	Loss 0.17860 (0.19902)
2024-11-12 17:12:28,713 Epoch: [1][70/200]	Time 0.249s (0.254s)	Speed 128.7 samples/s	Data 0.000s (0.014s)	Loss 0.16806 (0.19502)
2024-11-12 17:12:31,221 Epoch: [1][80/200]	Time 0.252s (0.254s)	Speed 127.0 samples/s	Data 0.000s (0.012s)	Loss 0.13266 (0.19032)
2024-11-12 17:12:33,741 Epoch: [1][90/200]	Time 0.251s (0.254s)	Speed 127.4 samples/s	Data 0.000s (0.011s)	Loss 0.15087 (0.18580)
2024-11-12 17:12:36,278 Epoch: [1][100/200]	Time 0.251s (0.254s)	Speed 127.7 samples/s	Data 0.000s (0.010s)	Loss 0.14330 (0.18321)
2024-11-12 17:12:38,833 Epoch: [1][110/200]	Time 0.259s (0.254s)	Speed 123.6 samples/s	Data 0.000s (0.009s)	Loss 0.13521 (0.18014)
2024-11-12 17:12:41,364 Epoch: [1][120/200]	Time 0.252s (0.254s)	Speed 127.0 samples/s	Data 0.000s (0.008s)	Loss 0.11950 (0.17625)
2024-11-12 17:12:43,898 Epoch: [1][130/200]	Time 0.258s (0.254s)	Speed 124.0 samples/s	Data 0.000s (0.007s)	Loss 0.12003 (0.17265)
2024-11-12 17:12:46,550 Epoch: [1][140/200]	Time 0.261s (0.255s)	Speed 122.5 samples/s	Data 0.000s (0.007s)	Loss 0.14664 (0.16947)
2024-11-12 17:12:49,290 Epoch: [1][150/200]	Time 0.264s (0.256s)	Speed 121.2 samples/s	Data 0.000s (0.007s)	Loss 0.10613 (0.16615)
2024-11-12 17:12:51,863 Epoch: [1][160/200]	Time 0.251s (0.256s)	Speed 127.4 samples/s	Data 0.000s (0.006s)	Loss 0.12408 (0.16322)
2024-11-12 17:12:54,493 Epoch: [1][170/200]	Time 0.259s (0.256s)	Speed 123.4 samples/s	Data 0.000s (0.006s)	Loss 0.10569 (0.16037)
2024-11-12 17:12:57,121 Epoch: [1][180/200]	Time 0.257s (0.257s)	Speed 124.4 samples/s	Data 0.000s (0.006s)	Loss 0.11919 (0.15773)
2024-11-12 17:12:59,713 Epoch: [1][190/200]	Time 0.257s (0.257s)	Speed 124.3 samples/s	Data 0.000s (0.005s)	Loss 0.11354 (0.15519)
2024-11-12 17:13:23,036 Test: [0/200]	Time 0.902 (0.902)	Loss 0.2994 (0.2994)
2024-11-12 17:13:23,174 Test: [10/200]	Time 0.012 (0.095)	Loss 0.0714 (0.2209)
2024-11-12 17:13:23,303 Test: [20/200]	Time 0.012 (0.056)	Loss 0.1589 (0.2254)
2024-11-12 17:13:23,436 Test: [30/200]	Time 0.013 (0.042)	Loss 0.3248 (0.2322)
2024-11-12 17:13:23,569 Test: [40/200]	Time 0.013 (0.035)	Loss 0.2291 (0.2420)
2024-11-12 17:13:23,700 Test: [50/200]	Time 0.013 (0.031)	Loss 0.3140 (0.2430)
2024-11-12 17:13:23,832 Test: [60/200]	Time 0.013 (0.028)	Loss 0.2906 (0.2449)
2024-11-12 17:13:23,964 Test: [70/200]	Time 0.013 (0.026)	Loss 0.2219 (0.2441)
2024-11-12 17:13:24,115 Test: [80/200]	Time 0.013 (0.024)	Loss 0.3248 (0.2406)
2024-11-12 17:13:24,246 Test: [90/200]	Time 0.013 (0.023)	Loss 0.3273 (0.2428)
2024-11-12 17:13:24,378 Test: [100/200]	Time 0.012 (0.022)	Loss 0.3271 (0.2418)
2024-11-12 17:13:24,508 Test: [110/200]	Time 0.012 (0.021)	Loss 0.3144 (0.2426)
2024-11-12 17:13:24,641 Test: [120/200]	Time 0.012 (0.021)	Loss 0.2899 (0.2404)
2024-11-12 17:13:24,772 Test: [130/200]	Time 0.012 (0.020)	Loss 0.2032 (0.2431)
2024-11-12 17:13:24,900 Test: [140/200]	Time 0.011 (0.020)	Loss 0.2480 (0.2425)
2024-11-12 17:13:25,032 Test: [150/200]	Time 0.013 (0.019)	Loss 0.2510 (0.2408)
2024-11-12 17:13:25,160 Test: [160/200]	Time 0.012 (0.019)	Loss 0.2900 (0.2403)
2024-11-12 17:13:25,289 Test: [170/200]	Time 0.012 (0.018)	Loss 0.1715 (0.2384)
2024-11-12 17:13:25,418 Test: [180/200]	Time 0.012 (0.018)	Loss 0.1962 (0.2370)
2024-11-12 17:13:25,548 Test: [190/200]	Time 0.014 (0.018)	Loss 0.1740 (0.2378)
2024-11-12 17:13:31,000 Mean IoU score: 0.469
2024-11-12 17:13:31,002 => saving checkpoint to out
2024-11-12 17:13:32,070 Epoch: [2][0/200]	Time 1.056s (1.056s)	Speed 30.3 samples/s	Data 0.816s (0.816s)	Loss 0.09220 (0.09220)
2024-11-12 17:13:34,436 Epoch: [2][10/200]	Time 0.238s (0.311s)	Speed 134.7 samples/s	Data 0.000s (0.075s)	Loss 0.10023 (0.09993)
2024-11-12 17:13:36,835 Epoch: [2][20/200]	Time 0.240s (0.277s)	Speed 133.5 samples/s	Data 0.000s (0.039s)	Loss 0.09783 (0.09596)
2024-11-12 17:13:39,295 Epoch: [2][30/200]	Time 0.252s (0.267s)	Speed 127.2 samples/s	Data 0.000s (0.027s)	Loss 0.07643 (0.09124)
2024-11-12 17:13:41,773 Epoch: [2][40/200]	Time 0.246s (0.262s)	Speed 130.0 samples/s	Data 0.000s (0.020s)	Loss 0.07758 (0.08955)
2024-11-12 17:13:44,285 Epoch: [2][50/200]	Time 0.259s (0.260s)	Speed 123.8 samples/s	Data 0.000s (0.016s)	Loss 0.07142 (0.08743)
2024-11-12 17:13:46,813 Epoch: [2][60/200]	Time 0.252s (0.259s)	Speed 126.8 samples/s	Data 0.000s (0.014s)	Loss 0.07026 (0.08571)
2024-11-12 17:13:49,367 Epoch: [2][70/200]	Time 0.251s (0.258s)	Speed 127.3 samples/s	Data 0.000s (0.012s)	Loss 0.07813 (0.08372)
2024-11-12 17:13:51,923 Epoch: [2][80/200]	Time 0.256s (0.258s)	Speed 124.9 samples/s	Data 0.000s (0.010s)	Loss 0.06414 (0.08197)
2024-11-12 17:13:54,643 Epoch: [2][90/200]	Time 0.257s (0.260s)	Speed 124.7 samples/s	Data 0.000s (0.009s)	Loss 0.05783 (0.08038)
2024-11-12 17:13:57,232 Epoch: [2][100/200]	Time 0.258s (0.260s)	Speed 124.2 samples/s	Data 0.000s (0.008s)	Loss 0.07192 (0.07870)
2024-11-12 17:13:59,837 Epoch: [2][110/200]	Time 0.257s (0.260s)	Speed 124.4 samples/s	Data 0.000s (0.008s)	Loss 0.06128 (0.07793)
2024-11-12 17:14:02,444 Epoch: [2][120/200]	Time 0.258s (0.260s)	Speed 124.0 samples/s	Data 0.000s (0.007s)	Loss 0.06871 (0.07645)
2024-11-12 17:14:05,058 Epoch: [2][130/200]	Time 0.263s (0.260s)	Speed 121.9 samples/s	Data 0.000s (0.007s)	Loss 0.06103 (0.07506)
2024-11-12 17:14:07,663 Epoch: [2][140/200]	Time 0.260s (0.260s)	Speed 123.1 samples/s	Data 0.000s (0.006s)	Loss 0.06300 (0.07384)
2024-11-12 17:14:10,283 Epoch: [2][150/200]	Time 0.260s (0.260s)	Speed 123.2 samples/s	Data 0.000s (0.006s)	Loss 0.05098 (0.07292)
2024-11-12 17:14:12,894 Epoch: [2][160/200]	Time 0.260s (0.260s)	Speed 122.9 samples/s	Data 0.000s (0.005s)	Loss 0.04467 (0.07157)
2024-11-12 17:14:15,525 Epoch: [2][170/200]	Time 0.261s (0.260s)	Speed 122.8 samples/s	Data 0.000s (0.005s)	Loss 0.05132 (0.07041)
2024-11-12 17:14:18,154 Epoch: [2][180/200]	Time 0.263s (0.260s)	Speed 121.5 samples/s	Data 0.000s (0.005s)	Loss 0.04917 (0.06917)
2024-11-12 17:14:20,780 Epoch: [2][190/200]	Time 0.261s (0.261s)	Speed 122.5 samples/s	Data 0.000s (0.005s)	Loss 0.05149 (0.06799)
2024-11-12 17:14:44,045 Test: [0/200]	Time 0.899 (0.899)	Loss 0.1396 (0.1396)
2024-11-12 17:14:44,190 Test: [10/200]	Time 0.013 (0.095)	Loss 0.0395 (0.1045)
2024-11-12 17:14:44,321 Test: [20/200]	Time 0.012 (0.056)	Loss 0.0826 (0.1084)
2024-11-12 17:14:44,456 Test: [30/200]	Time 0.013 (0.042)	Loss 0.1553 (0.1142)
2024-11-12 17:14:44,587 Test: [40/200]	Time 0.012 (0.035)	Loss 0.1040 (0.1186)
2024-11-12 17:14:44,716 Test: [50/200]	Time 0.014 (0.031)	Loss 0.1714 (0.1197)
2024-11-12 17:14:44,850 Test: [60/200]	Time 0.013 (0.028)	Loss 0.1517 (0.1219)
2024-11-12 17:14:44,984 Test: [70/200]	Time 0.014 (0.026)	Loss 0.1143 (0.1218)
2024-11-12 17:14:45,128 Test: [80/200]	Time 0.012 (0.024)	Loss 0.1423 (0.1200)
2024-11-12 17:14:45,259 Test: [90/200]	Time 0.011 (0.023)	Loss 0.1613 (0.1222)
2024-11-12 17:14:45,389 Test: [100/200]	Time 0.012 (0.022)	Loss 0.1637 (0.1214)
2024-11-12 17:14:45,521 Test: [110/200]	Time 0.014 (0.021)	Loss 0.1783 (0.1223)
2024-11-12 17:14:45,652 Test: [120/200]	Time 0.012 (0.021)	Loss 0.1285 (0.1206)
2024-11-12 17:14:45,782 Test: [130/200]	Time 0.012 (0.020)	Loss 0.1036 (0.1218)
2024-11-12 17:14:45,910 Test: [140/200]	Time 0.013 (0.020)	Loss 0.1167 (0.1208)
2024-11-12 17:14:46,039 Test: [150/200]	Time 0.012 (0.019)	Loss 0.1219 (0.1199)
2024-11-12 17:14:46,169 Test: [160/200]	Time 0.012 (0.019)	Loss 0.1523 (0.1202)
2024-11-12 17:14:46,302 Test: [170/200]	Time 0.013 (0.018)	Loss 0.1043 (0.1192)
2024-11-12 17:14:46,434 Test: [180/200]	Time 0.013 (0.018)	Loss 0.1002 (0.1183)
2024-11-12 17:14:46,566 Test: [190/200]	Time 0.013 (0.018)	Loss 0.0688 (0.1186)
2024-11-12 17:14:52,040 Mean IoU score: 0.740
2024-11-12 17:14:52,041 => saving checkpoint to out
2024-11-12 17:14:53,126 Epoch: [3][0/200]	Time 1.072s (1.072s)	Speed 29.8 samples/s	Data 0.830s (0.830s)	Loss 0.04437 (0.04437)
2024-11-12 17:14:55,493 Epoch: [3][10/200]	Time 0.237s (0.313s)	Speed 135.1 samples/s	Data 0.000s (0.076s)	Loss 0.04975 (0.04607)
2024-11-12 17:14:57,920 Epoch: [3][20/200]	Time 0.243s (0.279s)	Speed 131.6 samples/s	Data 0.000s (0.040s)	Loss 0.07236 (0.04531)
2024-11-12 17:15:00,398 Epoch: [3][30/200]	Time 0.247s (0.269s)	Speed 129.3 samples/s	Data 0.000s (0.027s)	Loss 0.02942 (0.04402)
2024-11-12 17:15:02,917 Epoch: [3][40/200]	Time 0.253s (0.265s)	Speed 126.6 samples/s	Data 0.000s (0.021s)	Loss 0.03876 (0.04359)
2024-11-12 17:15:05,462 Epoch: [3][50/200]	Time 0.257s (0.263s)	Speed 124.7 samples/s	Data 0.000s (0.017s)	Loss 0.03204 (0.04272)
2024-11-12 17:15:08,030 Epoch: [3][60/200]	Time 0.253s (0.262s)	Speed 126.4 samples/s	Data 0.000s (0.014s)	Loss 0.03486 (0.04177)
2024-11-12 17:15:10,609 Epoch: [3][70/200]	Time 0.255s (0.261s)	Speed 125.4 samples/s	Data 0.000s (0.012s)	Loss 0.03967 (0.04128)
2024-11-12 17:15:13,194 Epoch: [3][80/200]	Time 0.259s (0.261s)	Speed 123.5 samples/s	Data 0.000s (0.011s)	Loss 0.02940 (0.04096)
2024-11-12 17:15:15,787 Epoch: [3][90/200]	Time 0.256s (0.261s)	Speed 124.9 samples/s	Data 0.000s (0.009s)	Loss 0.03328 (0.04045)
2024-11-12 17:15:18,384 Epoch: [3][100/200]	Time 0.260s (0.261s)	Speed 123.3 samples/s	Data 0.000s (0.009s)	Loss 0.03509 (0.04010)
2024-11-12 17:15:21,002 Epoch: [3][110/200]	Time 0.258s (0.261s)	Speed 124.0 samples/s	Data 0.000s (0.008s)	Loss 0.03380 (0.03972)
2024-11-12 17:15:23,614 Epoch: [3][120/200]	Time 0.261s (0.261s)	Speed 122.8 samples/s	Data 0.000s (0.007s)	Loss 0.04129 (0.03958)
2024-11-12 17:15:26,250 Epoch: [3][130/200]	Time 0.261s (0.261s)	Speed 122.6 samples/s	Data 0.000s (0.007s)	Loss 0.03843 (0.03939)
2024-11-12 17:15:28,876 Epoch: [3][140/200]	Time 0.261s (0.261s)	Speed 122.6 samples/s	Data 0.000s (0.006s)	Loss 0.03438 (0.03904)
2024-11-12 17:15:31,519 Epoch: [3][150/200]	Time 0.263s (0.261s)	Speed 121.8 samples/s	Data 0.000s (0.006s)	Loss 0.02732 (0.03883)
2024-11-12 17:15:34,162 Epoch: [3][160/200]	Time 0.265s (0.262s)	Speed 120.8 samples/s	Data 0.000s (0.006s)	Loss 0.03434 (0.03879)
2024-11-12 17:15:36,806 Epoch: [3][170/200]	Time 0.261s (0.262s)	Speed 122.8 samples/s	Data 0.000s (0.005s)	Loss 0.04457 (0.03864)
2024-11-12 17:15:39,459 Epoch: [3][180/200]	Time 0.261s (0.262s)	Speed 122.6 samples/s	Data 0.000s (0.005s)	Loss 0.03568 (0.03833)
2024-11-12 17:15:42,113 Epoch: [3][190/200]	Time 0.263s (0.262s)	Speed 121.6 samples/s	Data 0.000s (0.005s)	Loss 0.02455 (0.03801)
2024-11-12 17:16:05,618 Test: [0/200]	Time 0.904 (0.904)	Loss 0.1145 (0.1145)
2024-11-12 17:16:05,764 Test: [10/200]	Time 0.013 (0.095)	Loss 0.0260 (0.0798)
2024-11-12 17:16:05,897 Test: [20/200]	Time 0.014 (0.056)	Loss 0.0616 (0.0842)
2024-11-12 17:16:06,033 Test: [30/200]	Time 0.012 (0.043)	Loss 0.1252 (0.0896)
2024-11-12 17:16:06,169 Test: [40/200]	Time 0.012 (0.035)	Loss 0.0734 (0.0943)
2024-11-12 17:16:06,305 Test: [50/200]	Time 0.013 (0.031)	Loss 0.1365 (0.0939)
2024-11-12 17:16:06,441 Test: [60/200]	Time 0.013 (0.028)	Loss 0.1047 (0.0954)
2024-11-12 17:16:06,601 Test: [70/200]	Time 0.012 (0.027)	Loss 0.1048 (0.0964)
2024-11-12 17:16:06,750 Test: [80/200]	Time 0.013 (0.025)	Loss 0.1104 (0.0945)
2024-11-12 17:16:06,886 Test: [90/200]	Time 0.012 (0.024)	Loss 0.1155 (0.0957)
2024-11-12 17:16:07,016 Test: [100/200]	Time 0.012 (0.023)	Loss 0.1159 (0.0951)
2024-11-12 17:16:07,146 Test: [110/200]	Time 0.012 (0.022)	Loss 0.1407 (0.0957)
2024-11-12 17:16:07,283 Test: [120/200]	Time 0.014 (0.021)	Loss 0.0941 (0.0947)
2024-11-12 17:16:07,419 Test: [130/200]	Time 0.013 (0.021)	Loss 0.0889 (0.0956)
2024-11-12 17:16:07,558 Test: [140/200]	Time 0.013 (0.020)	Loss 0.1160 (0.0954)
2024-11-12 17:16:07,700 Test: [150/200]	Time 0.013 (0.020)	Loss 0.0924 (0.0946)
2024-11-12 17:16:07,850 Test: [160/200]	Time 0.015 (0.019)	Loss 0.0985 (0.0945)
2024-11-12 17:16:08,006 Test: [170/200]	Time 0.015 (0.019)	Loss 0.0872 (0.0938)
2024-11-12 17:16:08,174 Test: [180/200]	Time 0.015 (0.019)	Loss 0.0712 (0.0931)
2024-11-12 17:16:08,357 Test: [190/200]	Time 0.018 (0.019)	Loss 0.0541 (0.0931)
2024-11-12 17:16:13,883 Mean IoU score: 0.786
2024-11-12 17:16:13,885 => saving checkpoint to out
2024-11-12 17:16:14,987 Epoch: [4][0/200]	Time 1.091s (1.091s)	Speed 29.3 samples/s	Data 0.846s (0.846s)	Loss 0.03566 (0.03566)
2024-11-12 17:16:17,493 Epoch: [4][10/200]	Time 0.303s (0.327s)	Speed 105.5 samples/s	Data 0.000s (0.077s)	Loss 0.02626 (0.03064)
2024-11-12 17:16:21,472 Epoch: [4][20/200]	Time 0.327s (0.361s)	Speed 97.9 samples/s	Data 0.000s (0.041s)	Loss 0.02523 (0.02929)
2024-11-12 17:16:24,730 Epoch: [4][30/200]	Time 0.330s (0.349s)	Speed 97.0 samples/s	Data 0.000s (0.028s)	Loss 0.02596 (0.02939)
2024-11-12 17:16:28,091 Epoch: [4][40/200]	Time 0.332s (0.346s)	Speed 96.3 samples/s	Data 0.000s (0.021s)	Loss 0.02683 (0.02955)
2024-11-12 17:16:31,404 Epoch: [4][50/200]	Time 0.332s (0.343s)	Speed 96.3 samples/s	Data 0.000s (0.017s)	Loss 0.02535 (0.02943)
2024-11-12 17:16:34,736 Epoch: [4][60/200]	Time 0.329s (0.342s)	Speed 97.4 samples/s	Data 0.000s (0.014s)	Loss 0.02031 (0.02888)
2024-11-12 17:16:38,071 Epoch: [4][70/200]	Time 0.330s (0.340s)	Speed 96.9 samples/s	Data 0.000s (0.012s)	Loss 0.02727 (0.02893)
2024-11-12 17:16:41,413 Epoch: [4][80/200]	Time 0.332s (0.340s)	Speed 96.3 samples/s	Data 0.000s (0.011s)	Loss 0.02804 (0.02870)
2024-11-12 17:16:44,788 Epoch: [4][90/200]	Time 0.332s (0.339s)	Speed 96.4 samples/s	Data 0.000s (0.010s)	Loss 0.02855 (0.02842)
2024-11-12 17:16:48,163 Epoch: [4][100/200]	Time 0.334s (0.339s)	Speed 95.9 samples/s	Data 0.000s (0.009s)	Loss 0.02943 (0.02834)
2024-11-12 17:16:51,544 Epoch: [4][110/200]	Time 0.337s (0.339s)	Speed 95.0 samples/s	Data 0.000s (0.008s)	Loss 0.02839 (0.02833)
2024-11-12 17:16:55,027 Epoch: [4][120/200]	Time 0.337s (0.340s)	Speed 95.0 samples/s	Data 0.000s (0.007s)	Loss 0.02789 (0.02808)
2024-11-12 17:16:58,469 Epoch: [4][130/200]	Time 0.339s (0.340s)	Speed 94.3 samples/s	Data 0.000s (0.007s)	Loss 0.02494 (0.02799)
2024-11-12 17:17:01,928 Epoch: [4][140/200]	Time 0.349s (0.341s)	Speed 91.7 samples/s	Data 0.000s (0.006s)	Loss 0.02750 (0.02803)
2024-11-12 17:17:05,373 Epoch: [4][150/200]	Time 0.345s (0.341s)	Speed 92.7 samples/s	Data 0.000s (0.006s)	Loss 0.02434 (0.02791)
2024-11-12 17:17:08,868 Epoch: [4][160/200]	Time 0.346s (0.341s)	Speed 92.6 samples/s	Data 0.000s (0.006s)	Loss 0.02274 (0.02761)
2024-11-12 17:17:12,385 Epoch: [4][170/200]	Time 0.347s (0.342s)	Speed 92.3 samples/s	Data 0.000s (0.005s)	Loss 0.02059 (0.02748)
2024-11-12 17:17:15,943 Epoch: [4][180/200]	Time 0.347s (0.343s)	Speed 92.3 samples/s	Data 0.000s (0.005s)	Loss 0.03589 (0.02744)
2024-11-12 17:17:19,475 Epoch: [4][190/200]	Time 0.353s (0.343s)	Speed 90.8 samples/s	Data 0.000s (0.005s)	Loss 0.02754 (0.02736)
2024-11-12 17:17:43,614 Test: [0/200]	Time 0.969 (0.969)	Loss 0.0945 (0.0945)
2024-11-12 17:17:43,760 Test: [10/200]	Time 0.012 (0.101)	Loss 0.0201 (0.0662)
2024-11-12 17:17:43,894 Test: [20/200]	Time 0.014 (0.059)	Loss 0.0631 (0.0709)
2024-11-12 17:17:44,031 Test: [30/200]	Time 0.013 (0.045)	Loss 0.1124 (0.0768)
2024-11-12 17:17:44,168 Test: [40/200]	Time 0.013 (0.037)	Loss 0.0573 (0.0800)
2024-11-12 17:17:44,301 Test: [50/200]	Time 0.012 (0.032)	Loss 0.0986 (0.0804)
2024-11-12 17:17:44,436 Test: [60/200]	Time 0.013 (0.029)	Loss 0.1106 (0.0825)
2024-11-12 17:17:44,567 Test: [70/200]	Time 0.012 (0.027)	Loss 0.0752 (0.0828)
2024-11-12 17:17:44,712 Test: [80/200]	Time 0.013 (0.026)	Loss 0.0787 (0.0810)
2024-11-12 17:17:44,843 Test: [90/200]	Time 0.013 (0.024)	Loss 0.1187 (0.0831)
2024-11-12 17:17:44,974 Test: [100/200]	Time 0.013 (0.023)	Loss 0.1402 (0.0825)
2024-11-12 17:17:45,110 Test: [110/200]	Time 0.014 (0.022)	Loss 0.1375 (0.0834)
2024-11-12 17:17:45,242 Test: [120/200]	Time 0.012 (0.021)	Loss 0.1091 (0.0822)
2024-11-12 17:17:45,376 Test: [130/200]	Time 0.013 (0.021)	Loss 0.0702 (0.0827)
2024-11-12 17:17:45,511 Test: [140/200]	Time 0.013 (0.020)	Loss 0.0916 (0.0822)
2024-11-12 17:17:45,646 Test: [150/200]	Time 0.012 (0.020)	Loss 0.0713 (0.0812)
2024-11-12 17:17:45,784 Test: [160/200]	Time 0.014 (0.019)	Loss 0.1062 (0.0813)
2024-11-12 17:17:45,922 Test: [170/200]	Time 0.013 (0.019)	Loss 0.0506 (0.0806)
2024-11-12 17:17:46,067 Test: [180/200]	Time 0.014 (0.019)	Loss 0.0564 (0.0798)
2024-11-12 17:17:46,213 Test: [190/200]	Time 0.014 (0.019)	Loss 0.0412 (0.0799)
2024-11-12 17:17:51,715 Mean IoU score: 0.809
2024-11-12 17:17:51,717 => saving checkpoint to out
2024-11-12 17:17:52,782 Epoch: [5][0/200]	Time 1.055s (1.055s)	Speed 30.3 samples/s	Data 0.811s (0.811s)	Loss 0.01746 (0.01746)
2024-11-12 17:17:55,126 Epoch: [5][10/200]	Time 0.234s (0.309s)	Speed 136.9 samples/s	Data 0.000s (0.074s)	Loss 0.01744 (0.02229)
2024-11-12 17:17:57,616 Epoch: [5][20/200]	Time 0.286s (0.280s)	Speed 111.9 samples/s	Data 0.000s (0.039s)	Loss 0.02372 (0.02306)
2024-11-12 17:18:00,783 Epoch: [5][30/200]	Time 0.293s (0.292s)	Speed 109.3 samples/s	Data 0.000s (0.027s)	Loss 0.03028 (0.02313)
2024-11-12 17:18:03,627 Epoch: [5][40/200]	Time 0.279s (0.290s)	Speed 114.9 samples/s	Data 0.000s (0.020s)	Loss 0.02028 (0.02303)
2024-11-12 17:18:06,505 Epoch: [5][50/200]	Time 0.286s (0.290s)	Speed 112.0 samples/s	Data 0.000s (0.016s)	Loss 0.02450 (0.02283)
2024-11-12 17:18:09,400 Epoch: [5][60/200]	Time 0.288s (0.290s)	Speed 111.1 samples/s	Data 0.000s (0.014s)	Loss 0.01766 (0.02241)
2024-11-12 17:18:12,301 Epoch: [5][70/200]	Time 0.285s (0.290s)	Speed 112.1 samples/s	Data 0.000s (0.012s)	Loss 0.01956 (0.02216)
2024-11-12 17:18:15,239 Epoch: [5][80/200]	Time 0.289s (0.290s)	Speed 110.6 samples/s	Data 0.000s (0.010s)	Loss 0.02005 (0.02193)
2024-11-12 17:18:18,187 Epoch: [5][90/200]	Time 0.293s (0.291s)	Speed 109.1 samples/s	Data 0.000s (0.009s)	Loss 0.01580 (0.02186)
2024-11-12 17:18:21,159 Epoch: [5][100/200]	Time 0.295s (0.291s)	Speed 108.4 samples/s	Data 0.000s (0.008s)	Loss 0.02315 (0.02179)
2024-11-12 17:18:24,158 Epoch: [5][110/200]	Time 0.305s (0.292s)	Speed 104.9 samples/s	Data 0.000s (0.008s)	Loss 0.02402 (0.02179)
2024-11-12 17:18:27,292 Epoch: [5][120/200]	Time 0.320s (0.294s)	Speed 99.9 samples/s	Data 0.001s (0.007s)	Loss 0.02316 (0.02164)
2024-11-12 17:18:30,534 Epoch: [5][130/200]	Time 0.311s (0.296s)	Speed 102.9 samples/s	Data 0.000s (0.007s)	Loss 0.02373 (0.02174)
2024-11-12 17:18:33,693 Epoch: [5][140/200]	Time 0.315s (0.298s)	Speed 101.7 samples/s	Data 0.000s (0.006s)	Loss 0.02383 (0.02182)
2024-11-12 17:18:36,949 Epoch: [5][150/200]	Time 0.324s (0.299s)	Speed 98.8 samples/s	Data 0.000s (0.006s)	Loss 0.02401 (0.02178)
2024-11-12 17:18:40,237 Epoch: [5][160/200]	Time 0.327s (0.301s)	Speed 98.0 samples/s	Data 0.000s (0.005s)	Loss 0.02212 (0.02165)
2024-11-12 17:18:43,561 Epoch: [5][170/200]	Time 0.337s (0.303s)	Speed 95.0 samples/s	Data 0.000s (0.005s)	Loss 0.01925 (0.02160)
2024-11-12 17:18:46,988 Epoch: [5][180/200]	Time 0.340s (0.305s)	Speed 94.0 samples/s	Data 0.000s (0.005s)	Loss 0.02011 (0.02169)
2024-11-12 17:18:50,435 Epoch: [5][190/200]	Time 0.342s (0.307s)	Speed 93.7 samples/s	Data 0.000s (0.005s)	Loss 0.01745 (0.02164)
2024-11-12 17:19:14,635 Test: [0/200]	Time 0.976 (0.976)	Loss 0.0924 (0.0924)
2024-11-12 17:19:14,780 Test: [10/200]	Time 0.013 (0.102)	Loss 0.0192 (0.0649)
2024-11-12 17:19:14,915 Test: [20/200]	Time 0.014 (0.060)	Loss 0.0598 (0.0647)
2024-11-12 17:19:15,043 Test: [30/200]	Time 0.011 (0.045)	Loss 0.0984 (0.0716)
2024-11-12 17:19:15,178 Test: [40/200]	Time 0.012 (0.037)	Loss 0.0692 (0.0736)
2024-11-12 17:19:15,310 Test: [50/200]	Time 0.013 (0.032)	Loss 0.0993 (0.0738)
2024-11-12 17:19:15,442 Test: [60/200]	Time 0.012 (0.029)	Loss 0.1021 (0.0756)
2024-11-12 17:19:15,575 Test: [70/200]	Time 0.011 (0.027)	Loss 0.0714 (0.0756)
2024-11-12 17:19:15,733 Test: [80/200]	Time 0.023 (0.026)	Loss 0.0772 (0.0739)
2024-11-12 17:19:15,881 Test: [90/200]	Time 0.014 (0.024)	Loss 0.1003 (0.0755)
2024-11-12 17:19:16,029 Test: [100/200]	Time 0.014 (0.023)	Loss 0.1218 (0.0754)
2024-11-12 17:19:16,158 Test: [110/200]	Time 0.012 (0.023)	Loss 0.1184 (0.0760)
2024-11-12 17:19:16,288 Test: [120/200]	Time 0.012 (0.022)	Loss 0.0974 (0.0747)
2024-11-12 17:19:16,424 Test: [130/200]	Time 0.013 (0.021)	Loss 0.0684 (0.0752)
2024-11-12 17:19:16,567 Test: [140/200]	Time 0.013 (0.021)	Loss 0.0870 (0.0751)
2024-11-12 17:19:16,707 Test: [150/200]	Time 0.013 (0.020)	Loss 0.0665 (0.0739)
2024-11-12 17:19:16,850 Test: [160/200]	Time 0.013 (0.020)	Loss 0.0922 (0.0740)
2024-11-12 17:19:16,996 Test: [170/200]	Time 0.014 (0.020)	Loss 0.0629 (0.0734)
2024-11-12 17:19:17,153 Test: [180/200]	Time 0.015 (0.019)	Loss 0.0589 (0.0728)
2024-11-12 17:19:17,318 Test: [190/200]	Time 0.017 (0.019)	Loss 0.0399 (0.0726)
2024-11-12 17:19:22,823 Mean IoU score: 0.825
2024-11-12 17:19:22,824 => saving checkpoint to out
2024-11-12 17:19:24,112 Epoch: [6][0/200]	Time 1.272s (1.272s)	Speed 25.1 samples/s	Data 1.011s (1.011s)	Loss 0.01784 (0.01784)
2024-11-12 17:19:26,479 Epoch: [6][10/200]	Time 0.243s (0.331s)	Speed 131.6 samples/s	Data 0.000s (0.092s)	Loss 0.02145 (0.01749)
2024-11-12 17:19:29,864 Epoch: [6][20/200]	Time 0.363s (0.334s)	Speed 88.3 samples/s	Data 0.000s (0.049s)	Loss 0.01650 (0.01842)
2024-11-12 17:19:32,988 Epoch: [6][30/200]	Time 0.300s (0.327s)	Speed 106.7 samples/s	Data 0.000s (0.033s)	Loss 0.01756 (0.01837)
2024-11-12 17:19:36,087 Epoch: [6][40/200]	Time 0.309s (0.323s)	Speed 103.6 samples/s	Data 0.000s (0.025s)	Loss 0.01844 (0.01822)
2024-11-12 17:19:39,201 Epoch: [6][50/200]	Time 0.308s (0.321s)	Speed 103.9 samples/s	Data 0.000s (0.020s)	Loss 0.01657 (0.01815)
2024-11-12 17:19:42,324 Epoch: [6][60/200]	Time 0.311s (0.319s)	Speed 102.9 samples/s	Data 0.000s (0.017s)	Loss 0.01471 (0.01785)
2024-11-12 17:19:45,456 Epoch: [6][70/200]	Time 0.314s (0.319s)	Speed 102.0 samples/s	Data 0.000s (0.015s)	Loss 0.01497 (0.01758)
2024-11-12 17:19:48,621 Epoch: [6][80/200]	Time 0.313s (0.318s)	Speed 102.2 samples/s	Data 0.000s (0.013s)	Loss 0.01502 (0.01748)
2024-11-12 17:19:51,804 Epoch: [6][90/200]	Time 0.315s (0.318s)	Speed 101.5 samples/s	Data 0.000s (0.012s)	Loss 0.01737 (0.01742)
2024-11-12 17:19:54,991 Epoch: [6][100/200]	Time 0.316s (0.318s)	Speed 101.4 samples/s	Data 0.001s (0.010s)	Loss 0.01655 (0.01740)
2024-11-12 17:19:58,234 Epoch: [6][110/200]	Time 0.321s (0.319s)	Speed 99.7 samples/s	Data 0.000s (0.010s)	Loss 0.01491 (0.01732)
2024-11-12 17:20:01,494 Epoch: [6][120/200]	Time 0.326s (0.319s)	Speed 98.2 samples/s	Data 0.000s (0.009s)	Loss 0.01757 (0.01727)
2024-11-12 17:20:04,773 Epoch: [6][130/200]	Time 0.325s (0.320s)	Speed 98.3 samples/s	Data 0.000s (0.008s)	Loss 0.01243 (0.01714)
2024-11-12 17:20:08,119 Epoch: [6][140/200]	Time 0.332s (0.321s)	Speed 96.4 samples/s	Data 0.000s (0.008s)	Loss 0.01422 (0.01707)
2024-11-12 17:20:11,505 Epoch: [6][150/200]	Time 0.336s (0.322s)	Speed 95.3 samples/s	Data 0.000s (0.007s)	Loss 0.01715 (0.01704)
2024-11-12 17:20:14,927 Epoch: [6][160/200]	Time 0.344s (0.324s)	Speed 93.1 samples/s	Data 0.000s (0.007s)	Loss 0.01972 (0.01707)
2024-11-12 17:20:18,402 Epoch: [6][170/200]	Time 0.347s (0.325s)	Speed 92.1 samples/s	Data 0.000s (0.006s)	Loss 0.01731 (0.01698)
2024-11-12 17:20:21,920 Epoch: [6][180/200]	Time 0.348s (0.326s)	Speed 92.0 samples/s	Data 0.000s (0.006s)	Loss 0.01192 (0.01699)
2024-11-12 17:20:25,513 Epoch: [6][190/200]	Time 0.353s (0.328s)	Speed 90.6 samples/s	Data 0.000s (0.006s)	Loss 0.01701 (0.01695)
2024-11-12 17:20:49,635 Test: [0/200]	Time 0.898 (0.898)	Loss 0.0891 (0.0891)
2024-11-12 17:20:49,775 Test: [10/200]	Time 0.012 (0.094)	Loss 0.0130 (0.0557)
2024-11-12 17:20:49,904 Test: [20/200]	Time 0.012 (0.056)	Loss 0.0428 (0.0568)
2024-11-12 17:20:50,037 Test: [30/200]	Time 0.012 (0.042)	Loss 0.0879 (0.0617)
2024-11-12 17:20:50,166 Test: [40/200]	Time 0.013 (0.035)	Loss 0.0447 (0.0634)
2024-11-12 17:20:50,294 Test: [50/200]	Time 0.012 (0.031)	Loss 0.0951 (0.0640)
2024-11-12 17:20:50,424 Test: [60/200]	Time 0.013 (0.028)	Loss 0.0839 (0.0655)
2024-11-12 17:20:50,556 Test: [70/200]	Time 0.013 (0.026)	Loss 0.0521 (0.0654)
2024-11-12 17:20:50,695 Test: [80/200]	Time 0.013 (0.024)	Loss 0.0875 (0.0641)
2024-11-12 17:20:50,824 Test: [90/200]	Time 0.012 (0.023)	Loss 0.0737 (0.0656)
2024-11-12 17:20:50,950 Test: [100/200]	Time 0.012 (0.022)	Loss 0.0892 (0.0651)
2024-11-12 17:20:51,076 Test: [110/200]	Time 0.012 (0.021)	Loss 0.1171 (0.0653)
2024-11-12 17:20:51,206 Test: [120/200]	Time 0.012 (0.020)	Loss 0.0715 (0.0645)
2024-11-12 17:20:51,336 Test: [130/200]	Time 0.013 (0.020)	Loss 0.0511 (0.0650)
2024-11-12 17:20:51,468 Test: [140/200]	Time 0.012 (0.019)	Loss 0.0673 (0.0648)
2024-11-12 17:20:51,601 Test: [150/200]	Time 0.014 (0.019)	Loss 0.0579 (0.0640)
2024-11-12 17:20:51,744 Test: [160/200]	Time 0.015 (0.019)	Loss 0.0943 (0.0643)
2024-11-12 17:20:51,889 Test: [170/200]	Time 0.014 (0.018)	Loss 0.0523 (0.0638)
2024-11-12 17:20:52,034 Test: [180/200]	Time 0.013 (0.018)	Loss 0.0480 (0.0634)
2024-11-12 17:20:52,189 Test: [190/200]	Time 0.015 (0.018)	Loss 0.0354 (0.0632)
2024-11-12 17:20:57,690 Mean IoU score: 0.847
2024-11-12 17:20:57,692 => saving checkpoint to out
2024-11-12 17:20:58,778 Epoch: [7][0/200]	Time 1.075s (1.075s)	Speed 29.8 samples/s	Data 0.833s (0.833s)	Loss 0.01526 (0.01526)
2024-11-12 17:21:01,132 Epoch: [7][10/200]	Time 0.236s (0.312s)	Speed 135.8 samples/s	Data 0.000s (0.076s)	Loss 0.01430 (0.01552)
2024-11-12 17:21:04,336 Epoch: [7][20/200]	Time 0.366s (0.316s)	Speed 87.5 samples/s	Data 0.000s (0.040s)	Loss 0.01755 (0.01549)
2024-11-12 17:21:07,505 Epoch: [7][30/200]	Time 0.295s (0.316s)	Speed 108.4 samples/s	Data 0.000s (0.027s)	Loss 0.01685 (0.01517)
2024-11-12 17:21:10,566 Epoch: [7][40/200]	Time 0.305s (0.314s)	Speed 104.9 samples/s	Data 0.000s (0.021s)	Loss 0.01167 (0.01508)
2024-11-12 17:21:13,650 Epoch: [7][50/200]	Time 0.301s (0.313s)	Speed 106.2 samples/s	Data 0.000s (0.017s)	Loss 0.01479 (0.01487)
2024-11-12 17:21:16,739 Epoch: [7][60/200]	Time 0.308s (0.312s)	Speed 103.9 samples/s	Data 0.000s (0.014s)	Loss 0.01434 (0.01476)
2024-11-12 17:21:19,840 Epoch: [7][70/200]	Time 0.306s (0.312s)	Speed 104.5 samples/s	Data 0.000s (0.012s)	Loss 0.01163 (0.01458)
2024-11-12 17:21:22,969 Epoch: [7][80/200]	Time 0.310s (0.312s)	Speed 103.1 samples/s	Data 0.000s (0.011s)	Loss 0.01248 (0.01455)
2024-11-12 17:21:26,122 Epoch: [7][90/200]	Time 0.311s (0.312s)	Speed 102.9 samples/s	Data 0.000s (0.010s)	Loss 0.01581 (0.01440)
2024-11-12 17:21:29,294 Epoch: [7][100/200]	Time 0.316s (0.313s)	Speed 101.4 samples/s	Data 0.000s (0.009s)	Loss 0.01641 (0.01446)
2024-11-12 17:21:32,513 Epoch: [7][110/200]	Time 0.318s (0.314s)	Speed 100.6 samples/s	Data 0.000s (0.008s)	Loss 0.01100 (0.01441)
2024-11-12 17:21:35,769 Epoch: [7][120/200]	Time 0.332s (0.315s)	Speed 96.3 samples/s	Data 0.000s (0.007s)	Loss 0.01364 (0.01449)
2024-11-12 17:21:39,138 Epoch: [7][130/200]	Time 0.338s (0.316s)	Speed 94.8 samples/s	Data 0.000s (0.007s)	Loss 0.01259 (0.01447)
2024-11-12 17:21:43,864 Epoch: [7][140/200]	Time 0.373s (0.327s)	Speed 85.8 samples/s	Data 0.000s (0.006s)	Loss 0.01693 (0.01443)
2024-11-12 17:21:47,381 Epoch: [7][150/200]	Time 0.337s (0.329s)	Speed 94.9 samples/s	Data 0.000s (0.006s)	Loss 0.01182 (0.01440)
2024-11-12 17:21:50,897 Epoch: [7][160/200]	Time 0.356s (0.330s)	Speed 89.9 samples/s	Data 0.000s (0.006s)	Loss 0.01723 (0.01440)
2024-11-12 17:21:54,585 Epoch: [7][170/200]	Time 0.359s (0.333s)	Speed 89.1 samples/s	Data 0.000s (0.005s)	Loss 0.01571 (0.01444)
2024-11-12 17:21:58,237 Epoch: [7][180/200]	Time 0.379s (0.334s)	Speed 84.4 samples/s	Data 0.000s (0.005s)	Loss 0.01328 (0.01443)
2024-11-12 17:22:01,984 Epoch: [7][190/200]	Time 0.367s (0.337s)	Speed 87.3 samples/s	Data 0.000s (0.005s)	Loss 0.01339 (0.01446)
2024-11-12 17:22:26,413 Test: [0/200]	Time 0.908 (0.908)	Loss 0.0672 (0.0672)
2024-11-12 17:22:26,559 Test: [10/200]	Time 0.013 (0.096)	Loss 0.0141 (0.0540)
2024-11-12 17:22:26,696 Test: [20/200]	Time 0.012 (0.057)	Loss 0.0360 (0.0570)
2024-11-12 17:22:26,831 Test: [30/200]	Time 0.013 (0.043)	Loss 0.0920 (0.0631)
2024-11-12 17:22:26,964 Test: [40/200]	Time 0.012 (0.036)	Loss 0.0466 (0.0648)
2024-11-12 17:22:27,099 Test: [50/200]	Time 0.013 (0.031)	Loss 0.1042 (0.0651)
2024-11-12 17:22:27,232 Test: [60/200]	Time 0.013 (0.028)	Loss 0.1009 (0.0669)
2024-11-12 17:22:27,363 Test: [70/200]	Time 0.012 (0.026)	Loss 0.0586 (0.0679)
2024-11-12 17:22:27,508 Test: [80/200]	Time 0.012 (0.025)	Loss 0.0662 (0.0658)
2024-11-12 17:22:27,643 Test: [90/200]	Time 0.012 (0.024)	Loss 0.0708 (0.0671)
2024-11-12 17:22:27,776 Test: [100/200]	Time 0.013 (0.022)	Loss 0.1095 (0.0666)
2024-11-12 17:22:27,912 Test: [110/200]	Time 0.013 (0.022)	Loss 0.1215 (0.0668)
2024-11-12 17:22:28,044 Test: [120/200]	Time 0.013 (0.021)	Loss 0.0893 (0.0661)
2024-11-12 17:22:28,179 Test: [130/200]	Time 0.013 (0.020)	Loss 0.0521 (0.0663)
2024-11-12 17:22:28,313 Test: [140/200]	Time 0.013 (0.020)	Loss 0.0719 (0.0660)
2024-11-12 17:22:28,456 Test: [150/200]	Time 0.014 (0.020)	Loss 0.0556 (0.0651)
2024-11-12 17:22:28,603 Test: [160/200]	Time 0.014 (0.019)	Loss 0.0893 (0.0653)
2024-11-12 17:22:28,751 Test: [170/200]	Time 0.015 (0.019)	Loss 0.0482 (0.0648)
2024-11-12 17:22:28,912 Test: [180/200]	Time 0.015 (0.019)	Loss 0.0395 (0.0644)
2024-11-12 17:22:29,088 Test: [190/200]	Time 0.019 (0.019)	Loss 0.0303 (0.0644)
2024-11-12 17:22:34,621 Mean IoU score: 0.846
2024-11-12 17:22:34,623 => saving checkpoint to out
2024-11-12 17:22:35,831 Epoch: [8][0/200]	Time 1.200s (1.200s)	Speed 26.7 samples/s	Data 0.959s (0.959s)	Loss 0.01255 (0.01255)
2024-11-12 17:22:38,210 Epoch: [8][10/200]	Time 0.255s (0.325s)	Speed 125.6 samples/s	Data 0.000s (0.087s)	Loss 0.01117 (0.01279)
2024-11-12 17:22:41,925 Epoch: [8][20/200]	Time 0.340s (0.347s)	Speed 94.3 samples/s	Data 0.000s (0.046s)	Loss 0.01272 (0.01315)
2024-11-12 17:22:45,045 Epoch: [8][30/200]	Time 0.308s (0.336s)	Speed 103.9 samples/s	Data 0.000s (0.031s)	Loss 0.01239 (0.01310)
2024-11-12 17:22:48,240 Epoch: [8][40/200]	Time 0.316s (0.332s)	Speed 101.4 samples/s	Data 0.000s (0.024s)	Loss 0.01029 (0.01295)
2024-11-12 17:22:51,424 Epoch: [8][50/200]	Time 0.313s (0.329s)	Speed 102.1 samples/s	Data 0.000s (0.019s)	Loss 0.01336 (0.01311)
2024-11-12 17:22:54,614 Epoch: [8][60/200]	Time 0.313s (0.328s)	Speed 102.3 samples/s	Data 0.000s (0.016s)	Loss 0.01474 (0.01305)
2024-11-12 17:22:57,827 Epoch: [8][70/200]	Time 0.318s (0.327s)	Speed 100.8 samples/s	Data 0.000s (0.014s)	Loss 0.01318 (0.01295)
2024-11-12 17:23:01,033 Epoch: [8][80/200]	Time 0.319s (0.326s)	Speed 100.4 samples/s	Data 0.000s (0.012s)	Loss 0.00969 (0.01286)
2024-11-12 17:23:04,287 Epoch: [8][90/200]	Time 0.324s (0.326s)	Speed 98.7 samples/s	Data 0.000s (0.011s)	Loss 0.01003 (0.01272)
2024-11-12 17:23:07,556 Epoch: [8][100/200]	Time 0.331s (0.326s)	Speed 96.7 samples/s	Data 0.000s (0.010s)	Loss 0.01300 (0.01273)
2024-11-12 17:23:10,854 Epoch: [8][110/200]	Time 0.330s (0.326s)	Speed 96.9 samples/s	Data 0.000s (0.009s)	Loss 0.01531 (0.01275)
2024-11-12 17:23:14,192 Epoch: [8][120/200]	Time 0.329s (0.327s)	Speed 97.3 samples/s	Data 0.000s (0.008s)	Loss 0.01259 (0.01282)
2024-11-12 17:23:17,567 Epoch: [8][130/200]	Time 0.342s (0.328s)	Speed 93.7 samples/s	Data 0.000s (0.008s)	Loss 0.00980 (0.01281)
2024-11-12 17:23:21,072 Epoch: [8][140/200]	Time 0.342s (0.329s)	Speed 93.6 samples/s	Data 0.000s (0.007s)	Loss 0.01494 (0.01285)
2024-11-12 17:23:24,550 Epoch: [8][150/200]	Time 0.344s (0.331s)	Speed 93.0 samples/s	Data 0.000s (0.007s)	Loss 0.01186 (0.01280)
2024-11-12 17:23:28,069 Epoch: [8][160/200]	Time 0.350s (0.332s)	Speed 91.4 samples/s	Data 0.000s (0.006s)	Loss 0.01398 (0.01281)
2024-11-12 17:23:31,643 Epoch: [8][170/200]	Time 0.357s (0.333s)	Speed 89.8 samples/s	Data 0.000s (0.006s)	Loss 0.01184 (0.01281)
2024-11-12 17:23:35,250 Epoch: [8][180/200]	Time 0.361s (0.335s)	Speed 88.6 samples/s	Data 0.000s (0.006s)	Loss 0.01392 (0.01280)
2024-11-12 17:23:38,893 Epoch: [8][190/200]	Time 0.357s (0.336s)	Speed 89.6 samples/s	Data 0.000s (0.005s)	Loss 0.01297 (0.01274)
2024-11-12 17:24:03,167 Test: [0/200]	Time 0.973 (0.973)	Loss 0.0702 (0.0702)
2024-11-12 17:24:03,313 Test: [10/200]	Time 0.013 (0.102)	Loss 0.0145 (0.0500)
2024-11-12 17:24:03,475 Test: [20/200]	Time 0.012 (0.061)	Loss 0.0325 (0.0507)
2024-11-12 17:24:03,607 Test: [30/200]	Time 0.012 (0.046)	Loss 0.0806 (0.0565)
2024-11-12 17:24:03,739 Test: [40/200]	Time 0.012 (0.038)	Loss 0.0595 (0.0589)
2024-11-12 17:24:03,873 Test: [50/200]	Time 0.012 (0.033)	Loss 0.0908 (0.0597)
2024-11-12 17:24:04,007 Test: [60/200]	Time 0.013 (0.030)	Loss 0.0883 (0.0607)
2024-11-12 17:24:04,140 Test: [70/200]	Time 0.013 (0.027)	Loss 0.0466 (0.0609)
2024-11-12 17:24:04,287 Test: [80/200]	Time 0.013 (0.026)	Loss 0.0558 (0.0593)
2024-11-12 17:24:04,422 Test: [90/200]	Time 0.013 (0.024)	Loss 0.0844 (0.0611)
2024-11-12 17:24:04,555 Test: [100/200]	Time 0.012 (0.023)	Loss 0.0926 (0.0605)
2024-11-12 17:24:04,691 Test: [110/200]	Time 0.013 (0.023)	Loss 0.1267 (0.0613)
2024-11-12 17:24:04,822 Test: [120/200]	Time 0.011 (0.022)	Loss 0.0809 (0.0604)
2024-11-12 17:24:04,957 Test: [130/200]	Time 0.013 (0.021)	Loss 0.0440 (0.0607)
2024-11-12 17:24:05,093 Test: [140/200]	Time 0.013 (0.021)	Loss 0.0677 (0.0606)
2024-11-12 17:24:05,234 Test: [150/200]	Time 0.015 (0.020)	Loss 0.0512 (0.0596)
2024-11-12 17:24:05,381 Test: [160/200]	Time 0.014 (0.020)	Loss 0.0883 (0.0598)
2024-11-12 17:24:05,535 Test: [170/200]	Time 0.015 (0.020)	Loss 0.0520 (0.0595)
2024-11-12 17:24:05,698 Test: [180/200]	Time 0.016 (0.019)	Loss 0.0396 (0.0590)
2024-11-12 17:24:05,870 Test: [190/200]	Time 0.018 (0.019)	Loss 0.0293 (0.0589)
2024-11-12 17:24:11,407 Mean IoU score: 0.857
2024-11-12 17:24:11,408 => saving checkpoint to out
2024-11-12 17:24:12,501 Epoch: [9][0/200]	Time 1.079s (1.079s)	Speed 29.7 samples/s	Data 0.836s (0.836s)	Loss 0.01245 (0.01245)
2024-11-12 17:24:14,864 Epoch: [9][10/200]	Time 0.247s (0.313s)	Speed 129.4 samples/s	Data 0.000s (0.076s)	Loss 0.01089 (0.01159)
2024-11-12 17:24:18,420 Epoch: [9][20/200]	Time 0.350s (0.333s)	Speed 91.5 samples/s	Data 0.000s (0.040s)	Loss 0.01696 (0.01187)
2024-11-12 17:24:21,573 Epoch: [9][30/200]	Time 0.305s (0.327s)	Speed 105.0 samples/s	Data 0.000s (0.027s)	Loss 0.01078 (0.01190)
2024-11-12 17:24:24,753 Epoch: [9][40/200]	Time 0.312s (0.325s)	Speed 102.6 samples/s	Data 0.000s (0.021s)	Loss 0.01195 (0.01200)
2024-11-12 17:24:27,907 Epoch: [9][50/200]	Time 0.311s (0.323s)	Speed 102.8 samples/s	Data 0.000s (0.017s)	Loss 0.00827 (0.01182)
2024-11-12 17:24:31,082 Epoch: [9][60/200]	Time 0.317s (0.322s)	Speed 100.8 samples/s	Data 0.000s (0.014s)	Loss 0.01198 (0.01168)
2024-11-12 17:24:34,330 Epoch: [9][70/200]	Time 0.325s (0.323s)	Speed 98.4 samples/s	Data 0.000s (0.012s)	Loss 0.01074 (0.01169)
2024-11-12 17:24:37,543 Epoch: [9][80/200]	Time 0.318s (0.322s)	Speed 100.7 samples/s	Data 0.000s (0.011s)	Loss 0.00898 (0.01171)
2024-11-12 17:24:40,785 Epoch: [9][90/200]	Time 0.322s (0.323s)	Speed 99.4 samples/s	Data 0.000s (0.010s)	Loss 0.01297 (0.01165)
2024-11-12 17:24:44,046 Epoch: [9][100/200]	Time 0.322s (0.323s)	Speed 99.2 samples/s	Data 0.000s (0.009s)	Loss 0.01657 (0.01170)
2024-11-12 17:24:47,346 Epoch: [9][110/200]	Time 0.326s (0.324s)	Speed 98.1 samples/s	Data 0.000s (0.008s)	Loss 0.01210 (0.01167)
2024-11-12 17:24:50,696 Epoch: [9][120/200]	Time 0.332s (0.325s)	Speed 96.4 samples/s	Data 0.000s (0.007s)	Loss 0.01090 (0.01159)
2024-11-12 17:24:54,092 Epoch: [9][130/200]	Time 0.337s (0.326s)	Speed 94.9 samples/s	Data 0.000s (0.007s)	Loss 0.00848 (0.01161)
2024-11-12 17:24:57,548 Epoch: [9][140/200]	Time 0.340s (0.327s)	Speed 94.1 samples/s	Data 0.001s (0.006s)	Loss 0.01128 (0.01161)
2024-11-12 17:25:01,054 Epoch: [9][150/200]	Time 0.351s (0.329s)	Speed 91.2 samples/s	Data 0.000s (0.006s)	Loss 0.00966 (0.01160)
2024-11-12 17:25:04,621 Epoch: [9][160/200]	Time 0.355s (0.330s)	Speed 90.1 samples/s	Data 0.000s (0.006s)	Loss 0.01201 (0.01159)
2024-11-12 17:25:08,242 Epoch: [9][170/200]	Time 0.356s (0.332s)	Speed 89.9 samples/s	Data 0.000s (0.005s)	Loss 0.01157 (0.01154)
2024-11-12 17:25:11,943 Epoch: [9][180/200]	Time 0.364s (0.334s)	Speed 88.0 samples/s	Data 0.000s (0.005s)	Loss 0.01014 (0.01151)
2024-11-12 17:25:15,635 Epoch: [9][190/200]	Time 0.371s (0.336s)	Speed 86.2 samples/s	Data 0.000s (0.005s)	Loss 0.00847 (0.01147)
2024-11-12 17:25:40,004 Test: [0/200]	Time 0.991 (0.991)	Loss 0.0888 (0.0888)
2024-11-12 17:25:40,167 Test: [10/200]	Time 0.015 (0.105)	Loss 0.0161 (0.0507)
2024-11-12 17:25:40,319 Test: [20/200]	Time 0.015 (0.062)	Loss 0.0279 (0.0503)
2024-11-12 17:25:40,458 Test: [30/200]	Time 0.015 (0.047)	Loss 0.0882 (0.0566)
2024-11-12 17:25:40,601 Test: [40/200]	Time 0.014 (0.039)	Loss 0.0454 (0.0590)
2024-11-12 17:25:40,747 Test: [50/200]	Time 0.014 (0.034)	Loss 0.0985 (0.0594)
2024-11-12 17:25:40,877 Test: [60/200]	Time 0.011 (0.031)	Loss 0.0790 (0.0607)
2024-11-12 17:25:41,018 Test: [70/200]	Time 0.015 (0.028)	Loss 0.0506 (0.0607)
2024-11-12 17:25:41,171 Test: [80/200]	Time 0.015 (0.027)	Loss 0.0678 (0.0589)
2024-11-12 17:25:41,317 Test: [90/200]	Time 0.014 (0.025)	Loss 0.0677 (0.0604)
2024-11-12 17:25:41,457 Test: [100/200]	Time 0.012 (0.024)	Loss 0.0795 (0.0599)
2024-11-12 17:25:41,594 Test: [110/200]	Time 0.012 (0.023)	Loss 0.1273 (0.0606)
2024-11-12 17:25:41,731 Test: [120/200]	Time 0.013 (0.022)	Loss 0.0749 (0.0599)
2024-11-12 17:25:41,873 Test: [130/200]	Time 0.013 (0.022)	Loss 0.0455 (0.0604)
2024-11-12 17:25:42,021 Test: [140/200]	Time 0.014 (0.021)	Loss 0.0715 (0.0602)
2024-11-12 17:25:42,170 Test: [150/200]	Time 0.015 (0.021)	Loss 0.0488 (0.0592)
2024-11-12 17:25:42,327 Test: [160/200]	Time 0.015 (0.021)	Loss 0.0845 (0.0595)
2024-11-12 17:25:42,488 Test: [170/200]	Time 0.016 (0.020)	Loss 0.0415 (0.0593)
2024-11-12 17:25:42,660 Test: [180/200]	Time 0.017 (0.020)	Loss 0.0351 (0.0587)
2024-11-12 17:25:42,844 Test: [190/200]	Time 0.017 (0.020)	Loss 0.0280 (0.0588)
2024-11-12 17:25:48,350 Mean IoU score: 0.856
2024-11-12 17:25:48,351 => saving checkpoint to out
2024-11-12 17:25:49,496 Epoch: [10][0/200]	Time 1.133s (1.133s)	Speed 28.2 samples/s	Data 0.891s (0.891s)	Loss 0.00861 (0.00861)
2024-11-12 17:25:51,819 Epoch: [10][10/200]	Time 0.236s (0.314s)	Speed 135.4 samples/s	Data 0.000s (0.081s)	Loss 0.00863 (0.01003)
2024-11-12 17:25:55,058 Epoch: [10][20/200]	Time 0.381s (0.319s)	Speed 84.0 samples/s	Data 0.001s (0.043s)	Loss 0.01017 (0.00979)
2024-11-12 17:25:58,208 Epoch: [10][30/200]	Time 0.298s (0.318s)	Speed 107.5 samples/s	Data 0.000s (0.029s)	Loss 0.01089 (0.01002)
2024-11-12 17:26:01,584 Epoch: [10][40/200]	Time 0.345s (0.322s)	Speed 92.8 samples/s	Data 0.000s (0.022s)	Loss 0.00915 (0.01028)
2024-11-12 17:26:04,851 Epoch: [10][50/200]	Time 0.359s (0.323s)	Speed 89.1 samples/s	Data 0.000s (0.018s)	Loss 0.01390 (0.01038)
2024-11-12 17:26:07,994 Epoch: [10][60/200]	Time 0.319s (0.322s)	Speed 100.2 samples/s	Data 0.000s (0.015s)	Loss 0.01473 (0.01049)
2024-11-12 17:26:11,164 Epoch: [10][70/200]	Time 0.318s (0.321s)	Speed 100.6 samples/s	Data 0.000s (0.013s)	Loss 0.00953 (0.01048)
2024-11-12 17:26:14,129 Epoch: [10][80/200]	Time 0.302s (0.318s)	Speed 106.0 samples/s	Data 0.000s (0.011s)	Loss 0.01124 (0.01046)
2024-11-12 17:26:17,082 Epoch: [10][90/200]	Time 0.291s (0.316s)	Speed 110.0 samples/s	Data 0.000s (0.010s)	Loss 0.00861 (0.01043)
2024-11-12 17:26:19,973 Epoch: [10][100/200]	Time 0.289s (0.313s)	Speed 110.6 samples/s	Data 0.000s (0.009s)	Loss 0.00919 (0.01048)
2024-11-12 17:26:23,206 Epoch: [10][110/200]	Time 0.327s (0.314s)	Speed 97.8 samples/s	Data 0.000s (0.008s)	Loss 0.00900 (0.01047)
2024-11-12 17:26:26,390 Epoch: [10][120/200]	Time 0.303s (0.314s)	Speed 105.6 samples/s	Data 0.000s (0.008s)	Loss 0.01156 (0.01056)
2024-11-12 17:26:29,301 Epoch: [10][130/200]	Time 0.290s (0.313s)	Speed 110.5 samples/s	Data 0.000s (0.007s)	Loss 0.01077 (0.01060)
2024-11-12 17:26:32,230 Epoch: [10][140/200]	Time 0.292s (0.311s)	Speed 109.6 samples/s	Data 0.000s (0.007s)	Loss 0.01002 (0.01062)
2024-11-12 17:26:35,147 Epoch: [10][150/200]	Time 0.292s (0.310s)	Speed 109.6 samples/s	Data 0.000s (0.006s)	Loss 0.01061 (0.01061)
2024-11-12 17:26:38,079 Epoch: [10][160/200]	Time 0.293s (0.309s)	Speed 109.3 samples/s	Data 0.000s (0.006s)	Loss 0.00889 (0.01062)
2024-11-12 17:26:41,032 Epoch: [10][170/200]	Time 0.295s (0.308s)	Speed 108.6 samples/s	Data 0.000s (0.006s)	Loss 0.01282 (0.01063)
2024-11-12 17:26:44,101 Epoch: [10][180/200]	Time 0.408s (0.308s)	Speed 78.5 samples/s	Data 0.000s (0.005s)	Loss 0.01005 (0.01060)
2024-11-12 17:26:47,081 Epoch: [10][190/200]	Time 0.296s (0.307s)	Speed 108.0 samples/s	Data 0.000s (0.005s)	Loss 0.01127 (0.01060)
2024-11-12 17:27:10,746 Test: [0/200]	Time 0.976 (0.976)	Loss 0.0696 (0.0696)
2024-11-12 17:27:10,885 Test: [10/200]	Time 0.014 (0.101)	Loss 0.0210 (0.0572)
2024-11-12 17:27:11,015 Test: [20/200]	Time 0.012 (0.059)	Loss 0.0414 (0.0563)
2024-11-12 17:27:11,146 Test: [30/200]	Time 0.012 (0.044)	Loss 0.1032 (0.0629)
2024-11-12 17:27:11,277 Test: [40/200]	Time 0.014 (0.037)	Loss 0.0719 (0.0651)
2024-11-12 17:27:11,404 Test: [50/200]	Time 0.012 (0.032)	Loss 0.1041 (0.0658)
2024-11-12 17:27:11,536 Test: [60/200]	Time 0.013 (0.029)	Loss 0.1149 (0.0679)
2024-11-12 17:27:11,667 Test: [70/200]	Time 0.013 (0.027)	Loss 0.0474 (0.0681)
2024-11-12 17:27:11,812 Test: [80/200]	Time 0.014 (0.025)	Loss 0.0640 (0.0666)
2024-11-12 17:27:11,943 Test: [90/200]	Time 0.012 (0.024)	Loss 0.0806 (0.0681)
2024-11-12 17:27:12,072 Test: [100/200]	Time 0.012 (0.023)	Loss 0.0974 (0.0676)
2024-11-12 17:27:12,199 Test: [110/200]	Time 0.012 (0.022)	Loss 0.1504 (0.0687)
2024-11-12 17:27:12,331 Test: [120/200]	Time 0.013 (0.021)	Loss 0.0842 (0.0677)
2024-11-12 17:27:12,459 Test: [130/200]	Time 0.012 (0.021)	Loss 0.0438 (0.0678)
2024-11-12 17:27:12,586 Test: [140/200]	Time 0.012 (0.020)	Loss 0.0755 (0.0677)
2024-11-12 17:27:12,718 Test: [150/200]	Time 0.014 (0.020)	Loss 0.0599 (0.0667)
2024-11-12 17:27:12,846 Test: [160/200]	Time 0.012 (0.019)	Loss 0.1240 (0.0672)
2024-11-12 17:27:12,975 Test: [170/200]	Time 0.011 (0.019)	Loss 0.0514 (0.0668)
2024-11-12 17:27:13,105 Test: [180/200]	Time 0.012 (0.018)	Loss 0.0365 (0.0663)
2024-11-12 17:27:13,236 Test: [190/200]	Time 0.013 (0.018)	Loss 0.0333 (0.0661)
2024-11-12 17:27:18,711 Mean IoU score: 0.845
2024-11-12 17:27:18,712 => saving checkpoint to out
2024-11-12 17:27:19,905 Epoch: [11][0/200]	Time 1.183s (1.183s)	Speed 27.1 samples/s	Data 0.944s (0.944s)	Loss 0.00911 (0.00911)
2024-11-12 17:27:22,237 Epoch: [11][10/200]	Time 0.233s (0.319s)	Speed 137.3 samples/s	Data 0.000s (0.086s)	Loss 0.01075 (0.00950)
2024-11-12 17:27:24,604 Epoch: [11][20/200]	Time 0.238s (0.280s)	Speed 134.2 samples/s	Data 0.000s (0.045s)	Loss 0.01221 (0.00959)
2024-11-12 17:27:27,028 Epoch: [11][30/200]	Time 0.251s (0.268s)	Speed 127.2 samples/s	Data 0.000s (0.031s)	Loss 0.00933 (0.00967)
2024-11-12 17:27:29,479 Epoch: [11][40/200]	Time 0.244s (0.262s)	Speed 131.0 samples/s	Data 0.000s (0.023s)	Loss 0.01228 (0.00979)
2024-11-12 17:27:31,974 Epoch: [11][50/200]	Time 0.259s (0.260s)	Speed 123.7 samples/s	Data 0.000s (0.019s)	Loss 0.01005 (0.00988)
2024-11-12 17:27:34,480 Epoch: [11][60/200]	Time 0.253s (0.258s)	Speed 126.5 samples/s	Data 0.000s (0.016s)	Loss 0.01147 (0.00995)
2024-11-12 17:27:37,034 Epoch: [11][70/200]	Time 0.266s (0.258s)	Speed 120.2 samples/s	Data 0.000s (0.014s)	Loss 0.00968 (0.00992)
2024-11-12 17:27:39,556 Epoch: [11][80/200]	Time 0.254s (0.257s)	Speed 126.2 samples/s	Data 0.000s (0.012s)	Loss 0.00923 (0.00986)
2024-11-12 17:27:42,190 Epoch: [11][90/200]	Time 0.265s (0.258s)	Speed 120.7 samples/s	Data 0.000s (0.011s)	Loss 0.00954 (0.00984)
2024-11-12 17:27:44,807 Epoch: [11][100/200]	Time 0.260s (0.258s)	Speed 123.0 samples/s	Data 0.000s (0.010s)	Loss 0.00968 (0.00984)
2024-11-12 17:27:47,439 Epoch: [11][110/200]	Time 0.265s (0.259s)	Speed 121.0 samples/s	Data 0.000s (0.009s)	Loss 0.01129 (0.00978)
2024-11-12 17:27:50,115 Epoch: [11][120/200]	Time 0.267s (0.259s)	Speed 119.7 samples/s	Data 0.000s (0.008s)	Loss 0.00826 (0.00977)
2024-11-12 17:27:52,834 Epoch: [11][130/200]	Time 0.272s (0.260s)	Speed 117.8 samples/s	Data 0.000s (0.008s)	Loss 0.00959 (0.00975)
2024-11-12 17:27:55,586 Epoch: [11][140/200]	Time 0.276s (0.261s)	Speed 115.9 samples/s	Data 0.000s (0.007s)	Loss 0.01305 (0.00983)
2024-11-12 17:27:58,395 Epoch: [11][150/200]	Time 0.281s (0.263s)	Speed 114.0 samples/s	Data 0.000s (0.007s)	Loss 0.01223 (0.00983)
2024-11-12 17:28:01,415 Epoch: [11][160/200]	Time 0.287s (0.265s)	Speed 111.5 samples/s	Data 0.000s (0.006s)	Loss 0.01118 (0.00985)
2024-11-12 17:28:04,344 Epoch: [11][170/200]	Time 0.295s (0.267s)	Speed 108.5 samples/s	Data 0.000s (0.006s)	Loss 0.01042 (0.00988)
2024-11-12 17:28:07,302 Epoch: [11][180/200]	Time 0.299s (0.268s)	Speed 107.0 samples/s	Data 0.000s (0.006s)	Loss 0.00824 (0.00987)
2024-11-12 17:28:10,315 Epoch: [11][190/200]	Time 0.306s (0.270s)	Speed 104.7 samples/s	Data 0.000s (0.005s)	Loss 0.00927 (0.00984)
2024-11-12 17:28:34,072 Test: [0/200]	Time 0.969 (0.969)	Loss 0.0615 (0.0615)
2024-11-12 17:28:34,217 Test: [10/200]	Time 0.014 (0.101)	Loss 0.0146 (0.0540)
2024-11-12 17:28:34,351 Test: [20/200]	Time 0.014 (0.059)	Loss 0.0286 (0.0539)
2024-11-12 17:28:34,488 Test: [30/200]	Time 0.012 (0.045)	Loss 0.0729 (0.0595)
2024-11-12 17:28:34,628 Test: [40/200]	Time 0.013 (0.037)	Loss 0.0699 (0.0616)
2024-11-12 17:28:34,764 Test: [50/200]	Time 0.013 (0.033)	Loss 0.0896 (0.0617)
2024-11-12 17:28:34,904 Test: [60/200]	Time 0.014 (0.030)	Loss 0.1015 (0.0637)
2024-11-12 17:28:35,042 Test: [70/200]	Time 0.013 (0.027)	Loss 0.0475 (0.0634)
2024-11-12 17:28:35,192 Test: [80/200]	Time 0.013 (0.026)	Loss 0.0533 (0.0611)
2024-11-12 17:28:35,331 Test: [90/200]	Time 0.012 (0.024)	Loss 0.0912 (0.0626)
2024-11-12 17:28:35,464 Test: [100/200]	Time 0.013 (0.023)	Loss 0.0821 (0.0617)
2024-11-12 17:28:35,602 Test: [110/200]	Time 0.012 (0.023)	Loss 0.1331 (0.0626)
2024-11-12 17:28:35,737 Test: [120/200]	Time 0.013 (0.022)	Loss 0.0661 (0.0617)
2024-11-12 17:28:35,876 Test: [130/200]	Time 0.013 (0.021)	Loss 0.0480 (0.0619)
2024-11-12 17:28:36,010 Test: [140/200]	Time 0.013 (0.021)	Loss 0.0527 (0.0613)
2024-11-12 17:28:36,146 Test: [150/200]	Time 0.013 (0.020)	Loss 0.0521 (0.0604)
2024-11-12 17:28:36,284 Test: [160/200]	Time 0.013 (0.020)	Loss 0.1008 (0.0608)
2024-11-12 17:28:36,423 Test: [170/200]	Time 0.013 (0.019)	Loss 0.0489 (0.0605)
2024-11-12 17:28:36,570 Test: [180/200]	Time 0.013 (0.019)	Loss 0.0358 (0.0601)
2024-11-12 17:28:36,720 Test: [190/200]	Time 0.015 (0.019)	Loss 0.0262 (0.0600)
2024-11-12 17:28:42,196 Mean IoU score: 0.856
2024-11-12 17:28:42,197 => saving checkpoint to out
2024-11-12 17:28:43,290 Epoch: [12][0/200]	Time 1.083s (1.083s)	Speed 29.5 samples/s	Data 0.849s (0.849s)	Loss 0.01138 (0.01138)
2024-11-12 17:28:45,641 Epoch: [12][10/200]	Time 0.237s (0.312s)	Speed 135.0 samples/s	Data 0.000s (0.077s)	Loss 0.01032 (0.01015)
2024-11-12 17:28:48,031 Epoch: [12][20/200]	Time 0.236s (0.277s)	Speed 135.3 samples/s	Data 0.000s (0.041s)	Loss 0.01174 (0.00944)
2024-11-12 17:28:50,890 Epoch: [12][30/200]	Time 0.309s (0.280s)	Speed 103.5 samples/s	Data 0.000s (0.028s)	Loss 0.00936 (0.00932)
2024-11-12 17:28:53,781 Epoch: [12][40/200]	Time 0.277s (0.282s)	Speed 115.6 samples/s	Data 0.000s (0.021s)	Loss 0.00897 (0.00925)
2024-11-12 17:28:56,583 Epoch: [12][50/200]	Time 0.280s (0.282s)	Speed 114.4 samples/s	Data 0.000s (0.017s)	Loss 0.00824 (0.00914)
2024-11-12 17:28:59,428 Epoch: [12][60/200]	Time 0.293s (0.282s)	Speed 109.3 samples/s	Data 0.000s (0.014s)	Loss 0.00699 (0.00910)
2024-11-12 17:29:02,346 Epoch: [12][70/200]	Time 0.286s (0.284s)	Speed 112.1 samples/s	Data 0.000s (0.012s)	Loss 0.00991 (0.00904)
2024-11-12 17:29:05,228 Epoch: [12][80/200]	Time 0.294s (0.284s)	Speed 108.7 samples/s	Data 0.000s (0.011s)	Loss 0.00997 (0.00910)
2024-11-12 17:29:08,122 Epoch: [12][90/200]	Time 0.290s (0.285s)	Speed 110.5 samples/s	Data 0.000s (0.010s)	Loss 0.00712 (0.00909)
2024-11-12 17:29:11,045 Epoch: [12][100/200]	Time 0.291s (0.286s)	Speed 109.8 samples/s	Data 0.000s (0.009s)	Loss 0.00837 (0.00904)
2024-11-12 17:29:13,983 Epoch: [12][110/200]	Time 0.295s (0.286s)	Speed 108.4 samples/s	Data 0.000s (0.008s)	Loss 0.00823 (0.00909)
2024-11-12 17:29:16,956 Epoch: [12][120/200]	Time 0.297s (0.287s)	Speed 107.7 samples/s	Data 0.000s (0.007s)	Loss 0.00825 (0.00909)
2024-11-12 17:29:19,958 Epoch: [12][130/200]	Time 0.299s (0.288s)	Speed 107.1 samples/s	Data 0.000s (0.007s)	Loss 0.00946 (0.00916)
2024-11-12 17:29:23,003 Epoch: [12][140/200]	Time 0.304s (0.289s)	Speed 105.1 samples/s	Data 0.000s (0.006s)	Loss 0.01035 (0.00921)
2024-11-12 17:29:26,085 Epoch: [12][150/200]	Time 0.304s (0.291s)	Speed 105.1 samples/s	Data 0.000s (0.006s)	Loss 0.00969 (0.00926)
2024-11-12 17:29:29,232 Epoch: [12][160/200]	Time 0.309s (0.292s)	Speed 103.7 samples/s	Data 0.000s (0.006s)	Loss 0.01138 (0.00927)
2024-11-12 17:29:32,365 Epoch: [12][170/200]	Time 0.314s (0.293s)	Speed 101.8 samples/s	Data 0.000s (0.005s)	Loss 0.00762 (0.00928)
2024-11-12 17:29:35,530 Epoch: [12][180/200]	Time 0.319s (0.295s)	Speed 100.4 samples/s	Data 0.000s (0.005s)	Loss 0.00770 (0.00925)
2024-11-12 17:29:38,719 Epoch: [12][190/200]	Time 0.319s (0.296s)	Speed 100.3 samples/s	Data 0.000s (0.005s)	Loss 0.00745 (0.00921)
2024-11-12 17:30:02,601 Test: [0/200]	Time 0.973 (0.973)	Loss 0.0678 (0.0678)
2024-11-12 17:30:02,743 Test: [10/200]	Time 0.011 (0.101)	Loss 0.0103 (0.0513)
2024-11-12 17:30:02,879 Test: [20/200]	Time 0.013 (0.060)	Loss 0.0451 (0.0570)
2024-11-12 17:30:03,014 Test: [30/200]	Time 0.013 (0.045)	Loss 0.0821 (0.0644)
2024-11-12 17:30:03,147 Test: [40/200]	Time 0.013 (0.037)	Loss 0.0645 (0.0662)
2024-11-12 17:30:03,281 Test: [50/200]	Time 0.013 (0.032)	Loss 0.0873 (0.0670)
2024-11-12 17:30:03,417 Test: [60/200]	Time 0.013 (0.029)	Loss 0.0822 (0.0678)
2024-11-12 17:30:03,552 Test: [70/200]	Time 0.013 (0.027)	Loss 0.0486 (0.0671)
2024-11-12 17:30:03,695 Test: [80/200]	Time 0.012 (0.026)	Loss 0.0639 (0.0656)
2024-11-12 17:30:03,826 Test: [90/200]	Time 0.013 (0.024)	Loss 0.1254 (0.0682)
2024-11-12 17:30:03,956 Test: [100/200]	Time 0.011 (0.023)	Loss 0.0917 (0.0671)
2024-11-12 17:30:04,093 Test: [110/200]	Time 0.013 (0.022)	Loss 0.1298 (0.0676)
2024-11-12 17:30:04,223 Test: [120/200]	Time 0.013 (0.021)	Loss 0.0648 (0.0663)
2024-11-12 17:30:04,356 Test: [130/200]	Time 0.012 (0.021)	Loss 0.0534 (0.0666)
2024-11-12 17:30:04,486 Test: [140/200]	Time 0.013 (0.020)	Loss 0.0699 (0.0661)
2024-11-12 17:30:04,618 Test: [150/200]	Time 0.013 (0.020)	Loss 0.0539 (0.0649)
2024-11-12 17:30:04,750 Test: [160/200]	Time 0.013 (0.019)	Loss 0.1027 (0.0653)
2024-11-12 17:30:04,887 Test: [170/200]	Time 0.014 (0.019)	Loss 0.0741 (0.0647)
2024-11-12 17:30:05,030 Test: [180/200]	Time 0.013 (0.019)	Loss 0.0383 (0.0641)
2024-11-12 17:30:05,175 Test: [190/200]	Time 0.013 (0.019)	Loss 0.0254 (0.0641)
2024-11-12 17:30:10,669 Mean IoU score: 0.848
2024-11-12 17:30:10,670 => saving checkpoint to out
2024-11-12 17:30:11,749 Epoch: [13][0/200]	Time 1.069s (1.069s)	Speed 29.9 samples/s	Data 0.802s (0.802s)	Loss 0.00644 (0.00644)
2024-11-12 17:30:14,115 Epoch: [13][10/200]	Time 0.236s (0.312s)	Speed 135.4 samples/s	Data 0.000s (0.073s)	Loss 0.00773 (0.00929)
2024-11-12 17:30:16,521 Epoch: [13][20/200]	Time 0.244s (0.278s)	Speed 131.0 samples/s	Data 0.000s (0.039s)	Loss 0.00707 (0.00878)
2024-11-12 17:30:19,545 Epoch: [13][30/200]	Time 0.305s (0.286s)	Speed 104.8 samples/s	Data 0.000s (0.026s)	Loss 0.00930 (0.00924)
2024-11-12 17:30:22,415 Epoch: [13][40/200]	Time 0.287s (0.286s)	Speed 111.7 samples/s	Data 0.000s (0.020s)	Loss 0.01046 (0.00942)
2024-11-12 17:30:25,261 Epoch: [13][50/200]	Time 0.281s (0.286s)	Speed 113.7 samples/s	Data 0.000s (0.016s)	Loss 0.01694 (0.00958)
2024-11-12 17:30:28,124 Epoch: [13][60/200]	Time 0.287s (0.286s)	Speed 111.5 samples/s	Data 0.000s (0.013s)	Loss 0.01938 (0.01016)
2024-11-12 17:30:30,989 Epoch: [13][70/200]	Time 0.287s (0.286s)	Speed 111.5 samples/s	Data 0.000s (0.012s)	Loss 0.01926 (0.01114)
2024-11-12 17:30:33,870 Epoch: [13][80/200]	Time 0.296s (0.286s)	Speed 108.0 samples/s	Data 0.000s (0.010s)	Loss 0.02024 (0.01223)
2024-11-12 17:30:36,761 Epoch: [13][90/200]	Time 0.288s (0.287s)	Speed 111.0 samples/s	Data 0.000s (0.009s)	Loss 0.02370 (0.01334)
2024-11-12 17:30:39,692 Epoch: [13][100/200]	Time 0.294s (0.287s)	Speed 108.8 samples/s	Data 0.000s (0.008s)	Loss 0.02016 (0.01459)
2024-11-12 17:30:42,631 Epoch: [13][110/200]	Time 0.296s (0.288s)	Speed 108.1 samples/s	Data 0.000s (0.008s)	Loss 0.02505 (0.01566)
2024-11-12 17:30:45,609 Epoch: [13][120/200]	Time 0.295s (0.289s)	Speed 108.3 samples/s	Data 0.000s (0.007s)	Loss 0.01969 (0.01639)
2024-11-12 17:30:48,599 Epoch: [13][130/200]	Time 0.300s (0.289s)	Speed 106.8 samples/s	Data 0.000s (0.006s)	Loss 0.02327 (0.01689)
2024-11-12 17:30:51,628 Epoch: [13][140/200]	Time 0.304s (0.290s)	Speed 105.4 samples/s	Data 0.000s (0.006s)	Loss 0.01789 (0.01727)
2024-11-12 17:30:54,691 Epoch: [13][150/200]	Time 0.306s (0.291s)	Speed 104.6 samples/s	Data 0.000s (0.006s)	Loss 0.01567 (0.01742)
2024-11-12 17:30:57,776 Epoch: [13][160/200]	Time 0.309s (0.293s)	Speed 103.6 samples/s	Data 0.000s (0.005s)	Loss 0.01588 (0.01761)
2024-11-12 17:31:00,904 Epoch: [13][170/200]	Time 0.311s (0.294s)	Speed 103.0 samples/s	Data 0.000s (0.005s)	Loss 0.02125 (0.01767)
2024-11-12 17:31:04,067 Epoch: [13][180/200]	Time 0.317s (0.295s)	Speed 101.1 samples/s	Data 0.000s (0.005s)	Loss 0.01712 (0.01759)
2024-11-12 17:31:07,261 Epoch: [13][190/200]	Time 0.320s (0.296s)	Speed 100.0 samples/s	Data 0.000s (0.005s)	Loss 0.01902 (0.01770)
2024-11-12 17:31:31,197 Test: [0/200]	Time 1.024 (1.024)	Loss 0.0811 (0.0811)
2024-11-12 17:31:31,337 Test: [10/200]	Time 0.013 (0.106)	Loss 0.0125 (0.0594)
2024-11-12 17:31:31,465 Test: [20/200]	Time 0.013 (0.062)	Loss 0.0619 (0.0658)
2024-11-12 17:31:31,588 Test: [30/200]	Time 0.013 (0.046)	Loss 0.0859 (0.0727)
2024-11-12 17:31:31,719 Test: [40/200]	Time 0.013 (0.038)	Loss 0.0513 (0.0753)
2024-11-12 17:31:31,852 Test: [50/200]	Time 0.012 (0.033)	Loss 0.1239 (0.0759)
2024-11-12 17:31:31,986 Test: [60/200]	Time 0.013 (0.030)	Loss 0.0719 (0.0779)
2024-11-12 17:31:32,119 Test: [70/200]	Time 0.013 (0.027)	Loss 0.0922 (0.0783)
2024-11-12 17:31:32,270 Test: [80/200]	Time 0.013 (0.026)	Loss 0.0712 (0.0764)
2024-11-12 17:31:32,401 Test: [90/200]	Time 0.013 (0.024)	Loss 0.0893 (0.0774)
2024-11-12 17:31:32,543 Test: [100/200]	Time 0.013 (0.023)	Loss 0.0953 (0.0767)
2024-11-12 17:31:32,679 Test: [110/200]	Time 0.012 (0.023)	Loss 0.1412 (0.0777)
2024-11-12 17:31:32,820 Test: [120/200]	Time 0.016 (0.022)	Loss 0.0740 (0.0767)
2024-11-12 17:31:32,958 Test: [130/200]	Time 0.013 (0.021)	Loss 0.0699 (0.0773)
2024-11-12 17:31:33,093 Test: [140/200]	Time 0.013 (0.021)	Loss 0.0878 (0.0771)
2024-11-12 17:31:33,230 Test: [150/200]	Time 0.013 (0.020)	Loss 0.0595 (0.0760)
2024-11-12 17:31:33,368 Test: [160/200]	Time 0.013 (0.020)	Loss 0.0973 (0.0759)
2024-11-12 17:31:33,511 Test: [170/200]	Time 0.014 (0.020)	Loss 0.0649 (0.0753)
2024-11-12 17:31:33,656 Test: [180/200]	Time 0.015 (0.019)	Loss 0.0561 (0.0745)
2024-11-12 17:31:33,807 Test: [190/200]	Time 0.014 (0.019)	Loss 0.0328 (0.0742)
2024-11-12 17:31:39,312 Mean IoU score: 0.816
2024-11-12 17:31:39,314 => saving checkpoint to out
2024-11-12 17:31:40,440 Epoch: [14][0/200]	Time 1.115s (1.115s)	Speed 28.7 samples/s	Data 0.874s (0.874s)	Loss 0.01271 (0.01271)
2024-11-12 17:31:42,775 Epoch: [14][10/200]	Time 0.235s (0.314s)	Speed 136.0 samples/s	Data 0.000s (0.080s)	Loss 0.01365 (0.01504)
2024-11-12 17:31:45,185 Epoch: [14][20/200]	Time 0.260s (0.279s)	Speed 123.0 samples/s	Data 0.000s (0.042s)	Loss 0.01369 (0.01478)
2024-11-12 17:31:48,294 Epoch: [14][30/200]	Time 0.302s (0.289s)	Speed 105.8 samples/s	Data 0.000s (0.029s)	Loss 0.01197 (0.01411)
2024-11-12 17:31:51,158 Epoch: [14][40/200]	Time 0.279s (0.289s)	Speed 114.7 samples/s	Data 0.000s (0.022s)	Loss 0.01365 (0.01416)
2024-11-12 17:31:54,021 Epoch: [14][50/200]	Time 0.286s (0.288s)	Speed 111.9 samples/s	Data 0.000s (0.017s)	Loss 0.01783 (0.01417)
2024-11-12 17:31:56,896 Epoch: [14][60/200]	Time 0.284s (0.288s)	Speed 112.5 samples/s	Data 0.000s (0.015s)	Loss 0.01083 (0.01387)
2024-11-12 17:31:59,789 Epoch: [14][70/200]	Time 0.289s (0.288s)	Speed 110.9 samples/s	Data 0.000s (0.013s)	Loss 0.01067 (0.01367)
2024-11-12 17:32:02,702 Epoch: [14][80/200]	Time 0.290s (0.289s)	Speed 110.2 samples/s	Data 0.000s (0.011s)	Loss 0.01444 (0.01346)
2024-11-12 17:32:05,626 Epoch: [14][90/200]	Time 0.293s (0.289s)	Speed 109.2 samples/s	Data 0.000s (0.010s)	Loss 0.01396 (0.01349)
2024-11-12 17:32:08,581 Epoch: [14][100/200]	Time 0.296s (0.290s)	Speed 108.2 samples/s	Data 0.000s (0.009s)	Loss 0.01657 (0.01338)
2024-11-12 17:32:11,563 Epoch: [14][110/200]	Time 0.297s (0.290s)	Speed 107.7 samples/s	Data 0.000s (0.008s)	Loss 0.00936 (0.01332)
2024-11-12 17:32:14,583 Epoch: [14][120/200]	Time 0.306s (0.291s)	Speed 104.6 samples/s	Data 0.000s (0.008s)	Loss 0.01063 (0.01314)
2024-11-12 17:32:17,629 Epoch: [14][130/200]	Time 0.304s (0.292s)	Speed 105.4 samples/s	Data 0.000s (0.007s)	Loss 0.00908 (0.01296)
2024-11-12 17:32:20,688 Epoch: [14][140/200]	Time 0.306s (0.293s)	Speed 104.6 samples/s	Data 0.000s (0.007s)	Loss 0.00977 (0.01294)
2024-11-12 17:32:23,785 Epoch: [14][150/200]	Time 0.311s (0.294s)	Speed 103.0 samples/s	Data 0.000s (0.006s)	Loss 0.01529 (0.01287)
2024-11-12 17:32:26,918 Epoch: [14][160/200]	Time 0.314s (0.296s)	Speed 102.0 samples/s	Data 0.000s (0.006s)	Loss 0.00997 (0.01281)
2024-11-12 17:32:30,077 Epoch: [14][170/200]	Time 0.313s (0.297s)	Speed 102.1 samples/s	Data 0.000s (0.005s)	Loss 0.01704 (0.01283)
2024-11-12 17:32:33,287 Epoch: [14][180/200]	Time 0.320s (0.298s)	Speed 100.1 samples/s	Data 0.000s (0.005s)	Loss 0.01261 (0.01277)
2024-11-12 17:32:36,524 Epoch: [14][190/200]	Time 0.328s (0.299s)	Speed 97.5 samples/s	Data 0.000s (0.005s)	Loss 0.01231 (0.01278)
2024-11-12 17:33:00,452 Test: [0/200]	Time 0.975 (0.975)	Loss 0.0666 (0.0666)
2024-11-12 17:33:00,596 Test: [10/200]	Time 0.013 (0.102)	Loss 0.0095 (0.0623)
2024-11-12 17:33:00,758 Test: [20/200]	Time 0.012 (0.061)	Loss 0.0341 (0.0601)
2024-11-12 17:33:00,899 Test: [30/200]	Time 0.014 (0.046)	Loss 0.1059 (0.0655)
2024-11-12 17:33:01,033 Test: [40/200]	Time 0.012 (0.038)	Loss 0.0587 (0.0690)
2024-11-12 17:33:01,171 Test: [50/200]	Time 0.013 (0.033)	Loss 0.1234 (0.0686)
2024-11-12 17:33:01,309 Test: [60/200]	Time 0.014 (0.030)	Loss 0.1041 (0.0714)
2024-11-12 17:33:01,444 Test: [70/200]	Time 0.013 (0.028)	Loss 0.0615 (0.0713)
2024-11-12 17:33:01,596 Test: [80/200]	Time 0.013 (0.026)	Loss 0.0651 (0.0690)
2024-11-12 17:33:01,731 Test: [90/200]	Time 0.012 (0.025)	Loss 0.1056 (0.0703)
2024-11-12 17:33:01,867 Test: [100/200]	Time 0.013 (0.024)	Loss 0.0976 (0.0699)
2024-11-12 17:33:02,004 Test: [110/200]	Time 0.014 (0.023)	Loss 0.1369 (0.0703)
2024-11-12 17:33:02,139 Test: [120/200]	Time 0.013 (0.022)	Loss 0.0683 (0.0695)
2024-11-12 17:33:02,273 Test: [130/200]	Time 0.013 (0.021)	Loss 0.0748 (0.0699)
2024-11-12 17:33:02,411 Test: [140/200]	Time 0.013 (0.021)	Loss 0.0607 (0.0694)
2024-11-12 17:33:02,549 Test: [150/200]	Time 0.014 (0.020)	Loss 0.0765 (0.0682)
2024-11-12 17:33:02,690 Test: [160/200]	Time 0.014 (0.020)	Loss 0.1123 (0.0683)
2024-11-12 17:33:02,836 Test: [170/200]	Time 0.013 (0.020)	Loss 0.0548 (0.0678)
2024-11-12 17:33:02,984 Test: [180/200]	Time 0.014 (0.019)	Loss 0.0402 (0.0676)
2024-11-12 17:33:03,139 Test: [190/200]	Time 0.016 (0.019)	Loss 0.0360 (0.0679)
2024-11-12 17:33:08,649 Mean IoU score: 0.835
2024-11-12 17:33:08,651 => saving checkpoint to out
2024-11-12 17:33:09,735 Epoch: [15][0/200]	Time 1.073s (1.073s)	Speed 29.8 samples/s	Data 0.831s (0.831s)	Loss 0.00894 (0.00894)
2024-11-12 17:33:12,067 Epoch: [15][10/200]	Time 0.234s (0.310s)	Speed 136.6 samples/s	Data 0.000s (0.076s)	Loss 0.01311 (0.01245)
2024-11-12 17:33:14,483 Epoch: [15][20/200]	Time 0.263s (0.277s)	Speed 121.5 samples/s	Data 0.000s (0.040s)	Loss 0.01180 (0.01215)
2024-11-12 17:33:17,597 Epoch: [15][30/200]	Time 0.303s (0.288s)	Speed 105.6 samples/s	Data 0.000s (0.027s)	Loss 0.01084 (0.01183)
2024-11-12 17:33:20,454 Epoch: [15][40/200]	Time 0.282s (0.288s)	Speed 113.7 samples/s	Data 0.000s (0.021s)	Loss 0.01121 (0.01156)
2024-11-12 17:33:23,325 Epoch: [15][50/200]	Time 0.290s (0.288s)	Speed 110.3 samples/s	Data 0.000s (0.017s)	Loss 0.01293 (0.01132)
2024-11-12 17:33:26,216 Epoch: [15][60/200]	Time 0.287s (0.288s)	Speed 111.6 samples/s	Data 0.000s (0.014s)	Loss 0.00894 (0.01129)
2024-11-12 17:33:29,111 Epoch: [15][70/200]	Time 0.288s (0.288s)	Speed 111.3 samples/s	Data 0.000s (0.012s)	Loss 0.00789 (0.01115)
2024-11-12 17:33:32,022 Epoch: [15][80/200]	Time 0.292s (0.288s)	Speed 109.6 samples/s	Data 0.000s (0.011s)	Loss 0.00988 (0.01094)
2024-11-12 17:33:35,015 Epoch: [15][90/200]	Time 0.293s (0.290s)	Speed 109.2 samples/s	Data 0.000s (0.009s)	Loss 0.00867 (0.01085)
2024-11-12 17:33:38,041 Epoch: [15][100/200]	Time 0.317s (0.291s)	Speed 101.0 samples/s	Data 0.000s (0.009s)	Loss 0.01223 (0.01081)
2024-11-12 17:33:41,096 Epoch: [15][110/200]	Time 0.295s (0.292s)	Speed 108.3 samples/s	Data 0.000s (0.008s)	Loss 0.00710 (0.01070)
2024-11-12 17:33:44,100 Epoch: [15][120/200]	Time 0.301s (0.293s)	Speed 106.3 samples/s	Data 0.000s (0.007s)	Loss 0.01007 (0.01061)
2024-11-12 17:33:47,194 Epoch: [15][130/200]	Time 0.305s (0.294s)	Speed 104.9 samples/s	Data 0.000s (0.007s)	Loss 0.00849 (0.01046)
2024-11-12 17:33:50,285 Epoch: [15][140/200]	Time 0.318s (0.295s)	Speed 100.7 samples/s	Data 0.000s (0.006s)	Loss 0.01309 (0.01041)
2024-11-12 17:33:53,539 Epoch: [15][150/200]	Time 0.310s (0.297s)	Speed 103.4 samples/s	Data 0.000s (0.006s)	Loss 0.01253 (0.01040)
2024-11-12 17:33:56,846 Epoch: [15][160/200]	Time 0.338s (0.299s)	Speed 94.7 samples/s	Data 0.000s (0.006s)	Loss 0.00921 (0.01035)
2024-11-12 17:34:00,055 Epoch: [15][170/200]	Time 0.319s (0.301s)	Speed 100.3 samples/s	Data 0.000s (0.005s)	Loss 0.00628 (0.01028)
2024-11-12 17:34:03,326 Epoch: [15][180/200]	Time 0.326s (0.302s)	Speed 98.2 samples/s	Data 0.000s (0.005s)	Loss 0.00758 (0.01018)
2024-11-12 17:34:06,616 Epoch: [15][190/200]	Time 0.347s (0.303s)	Speed 92.2 samples/s	Data 0.001s (0.005s)	Loss 0.00692 (0.01011)
2024-11-12 17:34:30,647 Test: [0/200]	Time 0.970 (0.970)	Loss 0.0757 (0.0757)
2024-11-12 17:34:30,778 Test: [10/200]	Time 0.012 (0.100)	Loss 0.0087 (0.0496)
2024-11-12 17:34:30,900 Test: [20/200]	Time 0.012 (0.058)	Loss 0.0279 (0.0491)
2024-11-12 17:34:31,028 Test: [30/200]	Time 0.011 (0.044)	Loss 0.0625 (0.0532)
2024-11-12 17:34:31,153 Test: [40/200]	Time 0.012 (0.036)	Loss 0.0425 (0.0551)
2024-11-12 17:34:31,278 Test: [50/200]	Time 0.012 (0.031)	Loss 0.0888 (0.0549)
2024-11-12 17:34:31,402 Test: [60/200]	Time 0.011 (0.028)	Loss 0.0891 (0.0568)
2024-11-12 17:34:31,524 Test: [70/200]	Time 0.012 (0.026)	Loss 0.0432 (0.0566)
2024-11-12 17:34:31,648 Test: [80/200]	Time 0.012 (0.024)	Loss 0.0644 (0.0548)
2024-11-12 17:34:31,784 Test: [90/200]	Time 0.011 (0.023)	Loss 0.0741 (0.0561)
2024-11-12 17:34:31,907 Test: [100/200]	Time 0.011 (0.022)	Loss 0.0920 (0.0557)
2024-11-12 17:34:32,031 Test: [110/200]	Time 0.011 (0.021)	Loss 0.1568 (0.0563)
2024-11-12 17:34:32,156 Test: [120/200]	Time 0.012 (0.020)	Loss 0.0640 (0.0556)
2024-11-12 17:34:32,279 Test: [130/200]	Time 0.011 (0.020)	Loss 0.0416 (0.0557)
2024-11-12 17:34:32,404 Test: [140/200]	Time 0.012 (0.019)	Loss 0.0600 (0.0554)
2024-11-12 17:34:32,526 Test: [150/200]	Time 0.012 (0.019)	Loss 0.0490 (0.0546)
2024-11-12 17:34:32,655 Test: [160/200]	Time 0.013 (0.018)	Loss 0.0691 (0.0546)
2024-11-12 17:34:32,781 Test: [170/200]	Time 0.012 (0.018)	Loss 0.0376 (0.0545)
2024-11-12 17:34:32,912 Test: [180/200]	Time 0.013 (0.018)	Loss 0.0324 (0.0542)
2024-11-12 17:34:33,048 Test: [190/200]	Time 0.013 (0.018)	Loss 0.0222 (0.0541)
2024-11-12 17:34:38,538 Mean IoU score: 0.870
2024-11-12 17:34:38,540 => saving checkpoint to out
2024-11-12 17:34:39,576 Epoch: [16][0/200]	Time 1.023s (1.023s)	Speed 31.3 samples/s	Data 0.782s (0.782s)	Loss 0.00760 (0.00760)
2024-11-12 17:34:41,920 Epoch: [16][10/200]	Time 0.244s (0.306s)	Speed 131.0 samples/s	Data 0.000s (0.071s)	Loss 0.00822 (0.00843)
2024-11-12 17:34:44,491 Epoch: [16][20/200]	Time 0.303s (0.283s)	Speed 105.7 samples/s	Data 0.000s (0.038s)	Loss 0.00912 (0.00878)
2024-11-12 17:34:48,019 Epoch: [16][30/200]	Time 0.287s (0.305s)	Speed 111.6 samples/s	Data 0.000s (0.026s)	Loss 0.00816 (0.00864)
2024-11-12 17:34:50,872 Epoch: [16][40/200]	Time 0.287s (0.300s)	Speed 111.7 samples/s	Data 0.000s (0.019s)	Loss 0.00869 (0.00851)
2024-11-12 17:34:53,804 Epoch: [16][50/200]	Time 0.290s (0.299s)	Speed 110.2 samples/s	Data 0.000s (0.016s)	Loss 0.00986 (0.00841)
2024-11-12 17:34:56,720 Epoch: [16][60/200]	Time 0.293s (0.298s)	Speed 109.2 samples/s	Data 0.000s (0.013s)	Loss 0.00903 (0.00838)
2024-11-12 17:34:59,648 Epoch: [16][70/200]	Time 0.290s (0.297s)	Speed 110.2 samples/s	Data 0.000s (0.011s)	Loss 0.00797 (0.00836)
2024-11-12 17:35:02,604 Epoch: [16][80/200]	Time 0.294s (0.297s)	Speed 109.0 samples/s	Data 0.000s (0.010s)	Loss 0.00543 (0.00825)
2024-11-12 17:35:05,559 Epoch: [16][90/200]	Time 0.294s (0.297s)	Speed 108.9 samples/s	Data 0.000s (0.009s)	Loss 0.00950 (0.00835)
2024-11-12 17:35:08,547 Epoch: [16][100/200]	Time 0.296s (0.297s)	Speed 108.1 samples/s	Data 0.000s (0.008s)	Loss 0.00988 (0.00838)
2024-11-12 17:35:11,545 Epoch: [16][110/200]	Time 0.302s (0.297s)	Speed 105.9 samples/s	Data 0.000s (0.007s)	Loss 0.00817 (0.00837)
2024-11-12 17:35:14,586 Epoch: [16][120/200]	Time 0.305s (0.298s)	Speed 104.8 samples/s	Data 0.000s (0.007s)	Loss 0.01040 (0.00841)
2024-11-12 17:35:17,653 Epoch: [16][130/200]	Time 0.306s (0.298s)	Speed 104.5 samples/s	Data 0.000s (0.006s)	Loss 0.00774 (0.00835)
2024-11-12 17:35:20,756 Epoch: [16][140/200]	Time 0.312s (0.299s)	Speed 102.6 samples/s	Data 0.000s (0.006s)	Loss 0.00894 (0.00834)
2024-11-12 17:35:23,896 Epoch: [16][150/200]	Time 0.312s (0.300s)	Speed 102.5 samples/s	Data 0.000s (0.006s)	Loss 0.00855 (0.00832)
2024-11-12 17:35:27,064 Epoch: [16][160/200]	Time 0.329s (0.301s)	Speed 97.2 samples/s	Data 0.000s (0.005s)	Loss 0.00754 (0.00831)
2024-11-12 17:35:30,248 Epoch: [16][170/200]	Time 0.316s (0.302s)	Speed 101.1 samples/s	Data 0.000s (0.005s)	Loss 0.01017 (0.00831)
2024-11-12 17:35:33,484 Epoch: [16][180/200]	Time 0.325s (0.303s)	Speed 98.4 samples/s	Data 0.000s (0.005s)	Loss 0.00692 (0.00825)
2024-11-12 17:35:36,733 Epoch: [16][190/200]	Time 0.324s (0.305s)	Speed 98.9 samples/s	Data 0.000s (0.004s)	Loss 0.00841 (0.00825)
2024-11-12 17:36:00,679 Test: [0/200]	Time 0.974 (0.974)	Loss 0.0718 (0.0718)
2024-11-12 17:36:00,821 Test: [10/200]	Time 0.014 (0.102)	Loss 0.0095 (0.0501)
2024-11-12 17:36:00,961 Test: [20/200]	Time 0.014 (0.060)	Loss 0.0258 (0.0485)
2024-11-12 17:36:01,097 Test: [30/200]	Time 0.014 (0.045)	Loss 0.0714 (0.0534)
2024-11-12 17:36:01,238 Test: [40/200]	Time 0.013 (0.037)	Loss 0.0384 (0.0549)
2024-11-12 17:36:01,377 Test: [50/200]	Time 0.014 (0.033)	Loss 0.0826 (0.0547)
2024-11-12 17:36:01,521 Test: [60/200]	Time 0.015 (0.030)	Loss 0.0920 (0.0568)
2024-11-12 17:36:01,662 Test: [70/200]	Time 0.014 (0.028)	Loss 0.0397 (0.0564)
2024-11-12 17:36:01,809 Test: [80/200]	Time 0.012 (0.026)	Loss 0.0612 (0.0547)
2024-11-12 17:36:01,954 Test: [90/200]	Time 0.014 (0.025)	Loss 0.0848 (0.0560)
2024-11-12 17:36:02,097 Test: [100/200]	Time 0.013 (0.024)	Loss 0.0757 (0.0555)
2024-11-12 17:36:02,236 Test: [110/200]	Time 0.014 (0.023)	Loss 0.1552 (0.0562)
2024-11-12 17:36:02,373 Test: [120/200]	Time 0.013 (0.022)	Loss 0.0558 (0.0555)
2024-11-12 17:36:02,507 Test: [130/200]	Time 0.011 (0.021)	Loss 0.0500 (0.0559)
2024-11-12 17:36:02,647 Test: [140/200]	Time 0.013 (0.021)	Loss 0.0549 (0.0555)
2024-11-12 17:36:02,785 Test: [150/200]	Time 0.014 (0.020)	Loss 0.0491 (0.0546)
2024-11-12 17:36:02,961 Test: [160/200]	Time 0.012 (0.020)	Loss 0.0745 (0.0546)
2024-11-12 17:36:03,109 Test: [170/200]	Time 0.014 (0.020)	Loss 0.0363 (0.0543)
2024-11-12 17:36:03,263 Test: [180/200]	Time 0.013 (0.020)	Loss 0.0357 (0.0541)
2024-11-12 17:36:03,425 Test: [190/200]	Time 0.016 (0.019)	Loss 0.0224 (0.0539)
2024-11-12 17:36:08,930 Mean IoU score: 0.871
2024-11-12 17:36:08,931 => saving checkpoint to out
2024-11-12 17:36:10,144 Epoch: [17][0/200]	Time 1.198s (1.198s)	Speed 26.7 samples/s	Data 0.954s (0.954s)	Loss 0.00868 (0.00868)
2024-11-12 17:36:12,485 Epoch: [17][10/200]	Time 0.235s (0.322s)	Speed 135.9 samples/s	Data 0.000s (0.087s)	Loss 0.00782 (0.00717)
2024-11-12 17:36:14,927 Epoch: [17][20/200]	Time 0.271s (0.285s)	Speed 118.2 samples/s	Data 0.000s (0.046s)	Loss 0.00746 (0.00735)
2024-11-12 17:36:18,054 Epoch: [17][30/200]	Time 0.301s (0.294s)	Speed 106.5 samples/s	Data 0.000s (0.031s)	Loss 0.00730 (0.00737)
2024-11-12 17:36:20,907 Epoch: [17][40/200]	Time 0.280s (0.292s)	Speed 114.3 samples/s	Data 0.000s (0.024s)	Loss 0.00740 (0.00750)
2024-11-12 17:36:23,793 Epoch: [17][50/200]	Time 0.285s (0.291s)	Speed 112.2 samples/s	Data 0.000s (0.019s)	Loss 0.00857 (0.00753)
2024-11-12 17:36:26,683 Epoch: [17][60/200]	Time 0.288s (0.291s)	Speed 111.2 samples/s	Data 0.000s (0.016s)	Loss 0.00934 (0.00753)
2024-11-12 17:36:29,582 Epoch: [17][70/200]	Time 0.290s (0.291s)	Speed 110.3 samples/s	Data 0.000s (0.014s)	Loss 0.00705 (0.00753)
2024-11-12 17:36:32,737 Epoch: [17][80/200]	Time 0.292s (0.294s)	Speed 109.5 samples/s	Data 0.000s (0.012s)	Loss 0.00933 (0.00751)
2024-11-12 17:36:35,638 Epoch: [17][90/200]	Time 0.287s (0.293s)	Speed 111.5 samples/s	Data 0.000s (0.011s)	Loss 0.00751 (0.00752)
2024-11-12 17:36:38,535 Epoch: [17][100/200]	Time 0.288s (0.293s)	Speed 111.3 samples/s	Data 0.000s (0.010s)	Loss 0.00616 (0.00745)
2024-11-12 17:36:41,427 Epoch: [17][110/200]	Time 0.289s (0.293s)	Speed 110.5 samples/s	Data 0.000s (0.009s)	Loss 0.00539 (0.00747)
2024-11-12 17:36:44,322 Epoch: [17][120/200]	Time 0.288s (0.292s)	Speed 110.9 samples/s	Data 0.000s (0.008s)	Loss 0.00741 (0.00746)
2024-11-12 17:36:47,224 Epoch: [17][130/200]	Time 0.293s (0.292s)	Speed 109.2 samples/s	Data 0.000s (0.008s)	Loss 0.00762 (0.00747)
2024-11-12 17:36:50,121 Epoch: [17][140/200]	Time 0.291s (0.292s)	Speed 110.1 samples/s	Data 0.000s (0.007s)	Loss 0.00646 (0.00743)
2024-11-12 17:36:53,051 Epoch: [17][150/200]	Time 0.294s (0.292s)	Speed 109.0 samples/s	Data 0.000s (0.007s)	Loss 0.00595 (0.00742)
2024-11-12 17:36:55,978 Epoch: [17][160/200]	Time 0.291s (0.292s)	Speed 110.0 samples/s	Data 0.000s (0.006s)	Loss 0.00757 (0.00742)
2024-11-12 17:36:58,980 Epoch: [17][170/200]	Time 0.300s (0.293s)	Speed 106.8 samples/s	Data 0.000s (0.006s)	Loss 0.00767 (0.00745)
2024-11-12 17:37:01,990 Epoch: [17][180/200]	Time 0.309s (0.293s)	Speed 103.4 samples/s	Data 0.000s (0.006s)	Loss 0.00682 (0.00742)
2024-11-12 17:37:05,008 Epoch: [17][190/200]	Time 0.298s (0.294s)	Speed 107.4 samples/s	Data 0.000s (0.005s)	Loss 0.00718 (0.00741)
2024-11-12 17:37:28,707 Test: [0/200]	Time 0.965 (0.965)	Loss 0.0740 (0.0740)
2024-11-12 17:37:28,844 Test: [10/200]	Time 0.012 (0.100)	Loss 0.0075 (0.0542)
2024-11-12 17:37:28,975 Test: [20/200]	Time 0.014 (0.059)	Loss 0.0244 (0.0522)
2024-11-12 17:37:29,102 Test: [30/200]	Time 0.012 (0.044)	Loss 0.0700 (0.0553)
2024-11-12 17:37:29,231 Test: [40/200]	Time 0.014 (0.036)	Loss 0.0427 (0.0572)
2024-11-12 17:37:29,364 Test: [50/200]	Time 0.014 (0.032)	Loss 0.0902 (0.0578)
2024-11-12 17:37:29,494 Test: [60/200]	Time 0.012 (0.029)	Loss 0.1025 (0.0596)
2024-11-12 17:37:29,626 Test: [70/200]	Time 0.012 (0.027)	Loss 0.0464 (0.0589)
2024-11-12 17:37:29,770 Test: [80/200]	Time 0.013 (0.025)	Loss 0.0591 (0.0569)
2024-11-12 17:37:29,900 Test: [90/200]	Time 0.012 (0.024)	Loss 0.0788 (0.0582)
2024-11-12 17:37:30,027 Test: [100/200]	Time 0.013 (0.023)	Loss 0.0825 (0.0576)
2024-11-12 17:37:30,159 Test: [110/200]	Time 0.013 (0.022)	Loss 0.1618 (0.0583)
2024-11-12 17:37:30,291 Test: [120/200]	Time 0.013 (0.021)	Loss 0.0600 (0.0578)
2024-11-12 17:37:30,422 Test: [130/200]	Time 0.013 (0.020)	Loss 0.0501 (0.0581)
2024-11-12 17:37:30,549 Test: [140/200]	Time 0.012 (0.020)	Loss 0.0632 (0.0579)
2024-11-12 17:37:30,679 Test: [150/200]	Time 0.014 (0.019)	Loss 0.0513 (0.0570)
2024-11-12 17:37:30,809 Test: [160/200]	Time 0.012 (0.019)	Loss 0.0748 (0.0569)
2024-11-12 17:37:30,936 Test: [170/200]	Time 0.013 (0.019)	Loss 0.0382 (0.0568)
2024-11-12 17:37:31,073 Test: [180/200]	Time 0.012 (0.018)	Loss 0.0363 (0.0564)
2024-11-12 17:37:31,206 Test: [190/200]	Time 0.014 (0.018)	Loss 0.0227 (0.0563)
2024-11-12 17:37:36,664 Mean IoU score: 0.869
2024-11-12 17:37:36,665 => saving checkpoint to out
2024-11-12 17:37:37,851 Epoch: [18][0/200]	Time 1.176s (1.176s)	Speed 27.2 samples/s	Data 0.939s (0.939s)	Loss 0.00879 (0.00879)
2024-11-12 17:37:40,189 Epoch: [18][10/200]	Time 0.234s (0.319s)	Speed 136.6 samples/s	Data 0.000s (0.086s)	Loss 0.00591 (0.00802)
2024-11-12 17:37:42,580 Epoch: [18][20/200]	Time 0.240s (0.281s)	Speed 133.4 samples/s	Data 0.000s (0.045s)	Loss 0.00979 (0.00780)
2024-11-12 17:37:45,013 Epoch: [18][30/200]	Time 0.248s (0.269s)	Speed 129.1 samples/s	Data 0.000s (0.031s)	Loss 0.00637 (0.00735)
2024-11-12 17:37:47,482 Epoch: [18][40/200]	Time 0.248s (0.264s)	Speed 128.8 samples/s	Data 0.000s (0.023s)	Loss 0.00855 (0.00722)
2024-11-12 17:37:49,986 Epoch: [18][50/200]	Time 0.263s (0.261s)	Speed 121.8 samples/s	Data 0.000s (0.019s)	Loss 0.00658 (0.00710)
2024-11-12 17:37:52,498 Epoch: [18][60/200]	Time 0.253s (0.259s)	Speed 126.7 samples/s	Data 0.000s (0.016s)	Loss 0.00467 (0.00705)
2024-11-12 17:37:55,045 Epoch: [18][70/200]	Time 0.255s (0.259s)	Speed 125.3 samples/s	Data 0.000s (0.014s)	Loss 0.00691 (0.00697)
2024-11-12 17:37:57,578 Epoch: [18][80/200]	Time 0.254s (0.258s)	Speed 126.2 samples/s	Data 0.000s (0.012s)	Loss 0.00668 (0.00689)
2024-11-12 17:38:00,196 Epoch: [18][90/200]	Time 0.267s (0.258s)	Speed 119.8 samples/s	Data 0.000s (0.011s)	Loss 0.00702 (0.00702)
2024-11-12 17:38:02,837 Epoch: [18][100/200]	Time 0.261s (0.259s)	Speed 122.6 samples/s	Data 0.000s (0.010s)	Loss 0.00827 (0.00703)
2024-11-12 17:38:05,480 Epoch: [18][110/200]	Time 0.268s (0.260s)	Speed 119.5 samples/s	Data 0.000s (0.009s)	Loss 0.00861 (0.00707)
2024-11-12 17:38:08,146 Epoch: [18][120/200]	Time 0.266s (0.260s)	Speed 120.2 samples/s	Data 0.000s (0.008s)	Loss 0.00688 (0.00705)
2024-11-12 17:38:10,860 Epoch: [18][130/200]	Time 0.272s (0.261s)	Speed 117.7 samples/s	Data 0.000s (0.008s)	Loss 0.00834 (0.00704)
2024-11-12 17:38:13,595 Epoch: [18][140/200]	Time 0.276s (0.262s)	Speed 116.0 samples/s	Data 0.000s (0.007s)	Loss 0.00544 (0.00704)
2024-11-12 17:38:16,418 Epoch: [18][150/200]	Time 0.279s (0.263s)	Speed 114.8 samples/s	Data 0.000s (0.007s)	Loss 0.00646 (0.00702)
2024-11-12 17:38:19,225 Epoch: [18][160/200]	Time 0.283s (0.264s)	Speed 113.1 samples/s	Data 0.000s (0.006s)	Loss 0.00601 (0.00706)
2024-11-12 17:38:22,069 Epoch: [18][170/200]	Time 0.285s (0.265s)	Speed 112.1 samples/s	Data 0.000s (0.006s)	Loss 0.00741 (0.00705)
2024-11-12 17:38:24,955 Epoch: [18][180/200]	Time 0.296s (0.267s)	Speed 108.0 samples/s	Data 0.000s (0.006s)	Loss 0.00724 (0.00704)
2024-11-12 17:38:27,890 Epoch: [18][190/200]	Time 0.297s (0.268s)	Speed 107.6 samples/s	Data 0.000s (0.005s)	Loss 0.00723 (0.00702)
2024-11-12 17:38:51,626 Test: [0/200]	Time 0.967 (0.967)	Loss 0.0843 (0.0843)
2024-11-12 17:38:51,751 Test: [10/200]	Time 0.013 (0.099)	Loss 0.0094 (0.0540)
2024-11-12 17:38:51,877 Test: [20/200]	Time 0.012 (0.058)	Loss 0.0241 (0.0521)
2024-11-12 17:38:52,002 Test: [30/200]	Time 0.012 (0.043)	Loss 0.0716 (0.0572)
2024-11-12 17:38:52,129 Test: [40/200]	Time 0.012 (0.036)	Loss 0.0437 (0.0596)
2024-11-12 17:38:52,251 Test: [50/200]	Time 0.011 (0.031)	Loss 0.0940 (0.0596)
2024-11-12 17:38:52,374 Test: [60/200]	Time 0.013 (0.028)	Loss 0.0917 (0.0613)
2024-11-12 17:38:52,501 Test: [70/200]	Time 0.012 (0.026)	Loss 0.0518 (0.0607)
2024-11-12 17:38:52,626 Test: [80/200]	Time 0.013 (0.024)	Loss 0.0716 (0.0589)
2024-11-12 17:38:52,763 Test: [90/200]	Time 0.011 (0.023)	Loss 0.0801 (0.0602)
2024-11-12 17:38:52,892 Test: [100/200]	Time 0.013 (0.022)	Loss 0.0793 (0.0595)
2024-11-12 17:38:53,021 Test: [110/200]	Time 0.012 (0.021)	Loss 0.1702 (0.0600)
2024-11-12 17:38:53,148 Test: [120/200]	Time 0.010 (0.021)	Loss 0.0566 (0.0594)
2024-11-12 17:38:53,276 Test: [130/200]	Time 0.012 (0.020)	Loss 0.0560 (0.0598)
2024-11-12 17:38:53,401 Test: [140/200]	Time 0.010 (0.019)	Loss 0.0616 (0.0595)
2024-11-12 17:38:53,528 Test: [150/200]	Time 0.012 (0.019)	Loss 0.0477 (0.0586)
2024-11-12 17:38:53,656 Test: [160/200]	Time 0.014 (0.019)	Loss 0.0686 (0.0585)
2024-11-12 17:38:53,782 Test: [170/200]	Time 0.012 (0.018)	Loss 0.0417 (0.0583)
2024-11-12 17:38:53,913 Test: [180/200]	Time 0.011 (0.018)	Loss 0.0374 (0.0579)
2024-11-12 17:38:54,042 Test: [190/200]	Time 0.012 (0.018)	Loss 0.0220 (0.0579)
2024-11-12 17:38:59,517 Mean IoU score: 0.866
2024-11-12 17:38:59,518 => saving checkpoint to out
2024-11-12 17:39:00,760 Epoch: [19][0/200]	Time 1.231s (1.231s)	Speed 26.0 samples/s	Data 0.993s (0.993s)	Loss 0.00855 (0.00855)
2024-11-12 17:39:03,159 Epoch: [19][10/200]	Time 0.237s (0.330s)	Speed 135.0 samples/s	Data 0.000s (0.091s)	Loss 0.00758 (0.00689)
2024-11-12 17:39:05,566 Epoch: [19][20/200]	Time 0.242s (0.288s)	Speed 132.2 samples/s	Data 0.000s (0.048s)	Loss 0.00653 (0.00659)
2024-11-12 17:39:08,069 Epoch: [19][30/200]	Time 0.247s (0.276s)	Speed 129.6 samples/s	Data 0.000s (0.032s)	Loss 0.00783 (0.00668)
2024-11-12 17:39:10,795 Epoch: [19][40/200]	Time 0.290s (0.275s)	Speed 110.3 samples/s	Data 0.000s (0.025s)	Loss 0.00585 (0.00665)
2024-11-12 17:39:13,542 Epoch: [19][50/200]	Time 0.264s (0.275s)	Speed 121.4 samples/s	Data 0.000s (0.020s)	Loss 0.00695 (0.00667)
2024-11-12 17:39:16,209 Epoch: [19][60/200]	Time 0.267s (0.273s)	Speed 119.8 samples/s	Data 0.000s (0.017s)	Loss 0.00696 (0.00667)
2024-11-12 17:39:18,903 Epoch: [19][70/200]	Time 0.269s (0.273s)	Speed 119.2 samples/s	Data 0.000s (0.014s)	Loss 0.00586 (0.00663)
2024-11-12 17:39:21,607 Epoch: [19][80/200]	Time 0.271s (0.273s)	Speed 118.3 samples/s	Data 0.000s (0.013s)	Loss 0.00700 (0.00665)
2024-11-12 17:39:24,354 Epoch: [19][90/200]	Time 0.273s (0.273s)	Speed 117.1 samples/s	Data 0.000s (0.011s)	Loss 0.00752 (0.00671)
2024-11-12 17:39:27,113 Epoch: [19][100/200]	Time 0.283s (0.273s)	Speed 113.0 samples/s	Data 0.000s (0.010s)	Loss 0.00855 (0.00673)
2024-11-12 17:39:29,946 Epoch: [19][110/200]	Time 0.280s (0.274s)	Speed 114.2 samples/s	Data 0.000s (0.009s)	Loss 0.00672 (0.00672)
2024-11-12 17:39:32,778 Epoch: [19][120/200]	Time 0.292s (0.275s)	Speed 109.5 samples/s	Data 0.000s (0.009s)	Loss 0.00640 (0.00672)
2024-11-12 17:39:35,627 Epoch: [19][130/200]	Time 0.286s (0.276s)	Speed 112.1 samples/s	Data 0.000s (0.008s)	Loss 0.00673 (0.00673)
2024-11-12 17:39:38,508 Epoch: [19][140/200]	Time 0.285s (0.276s)	Speed 112.4 samples/s	Data 0.000s (0.007s)	Loss 0.00594 (0.00679)
2024-11-12 17:39:41,420 Epoch: [19][150/200]	Time 0.291s (0.277s)	Speed 110.0 samples/s	Data 0.000s (0.007s)	Loss 0.00687 (0.00680)
2024-11-12 17:39:44,723 Epoch: [19][160/200]	Time 0.307s (0.281s)	Speed 104.2 samples/s	Data 0.000s (0.007s)	Loss 0.00821 (0.00682)
2024-11-12 17:39:47,729 Epoch: [19][170/200]	Time 0.306s (0.282s)	Speed 104.4 samples/s	Data 0.000s (0.006s)	Loss 0.00582 (0.00681)
2024-11-12 17:39:50,859 Epoch: [19][180/200]	Time 0.309s (0.284s)	Speed 103.6 samples/s	Data 0.000s (0.006s)	Loss 0.00682 (0.00679)
2024-11-12 17:39:53,901 Epoch: [19][190/200]	Time 0.304s (0.285s)	Speed 105.2 samples/s	Data 0.000s (0.006s)	Loss 0.00734 (0.00683)
2024-11-12 17:40:46,574 Test: [0/200]	Time 1.516 (1.516)	Loss 0.0868 (0.0868)
2024-11-12 17:40:47,090 Test: [10/200]	Time 0.055 (0.185)	Loss 0.0095 (0.0540)
2024-11-12 17:40:47,585 Test: [20/200]	Time 0.048 (0.120)	Loss 0.0263 (0.0534)
2024-11-12 17:40:48,123 Test: [30/200]	Time 0.051 (0.099)	Loss 0.0666 (0.0574)
2024-11-12 17:40:48,637 Test: [40/200]	Time 0.050 (0.087)	Loss 0.0439 (0.0591)
2024-11-12 17:40:48,924 Test: [50/200]	Time 0.012 (0.076)	Loss 0.0971 (0.0596)
2024-11-12 17:40:49,058 Test: [60/200]	Time 0.013 (0.066)	Loss 0.0908 (0.0609)
2024-11-12 17:40:49,198 Test: [70/200]	Time 0.014 (0.058)	Loss 0.0471 (0.0602)
2024-11-12 17:40:49,330 Test: [80/200]	Time 0.013 (0.053)	Loss 0.0654 (0.0582)
2024-11-12 17:40:49,458 Test: [90/200]	Time 0.011 (0.048)	Loss 0.0815 (0.0598)
2024-11-12 17:40:49,585 Test: [100/200]	Time 0.013 (0.045)	Loss 0.0699 (0.0592)
2024-11-12 17:40:49,715 Test: [110/200]	Time 0.012 (0.042)	Loss 0.1659 (0.0600)
2024-11-12 17:40:49,846 Test: [120/200]	Time 0.012 (0.040)	Loss 0.0524 (0.0592)
2024-11-12 17:40:49,977 Test: [130/200]	Time 0.012 (0.038)	Loss 0.0516 (0.0594)
2024-11-12 17:40:50,120 Test: [140/200]	Time 0.013 (0.036)	Loss 0.0616 (0.0590)
2024-11-12 17:40:50,247 Test: [150/200]	Time 0.012 (0.034)	Loss 0.0479 (0.0582)
2024-11-12 17:40:50,375 Test: [160/200]	Time 0.012 (0.033)	Loss 0.0660 (0.0581)
2024-11-12 17:40:50,499 Test: [170/200]	Time 0.011 (0.032)	Loss 0.0337 (0.0579)
2024-11-12 17:40:50,625 Test: [180/200]	Time 0.012 (0.031)	Loss 0.0332 (0.0575)
2024-11-12 17:40:50,748 Test: [190/200]	Time 0.011 (0.030)	Loss 0.0215 (0.0574)
2024-11-12 17:40:56,220 Mean IoU score: 0.869
2024-11-12 17:40:56,221 => saving checkpoint to out
2024-11-12 17:40:56,233 saving final model state to out/final_state.pth.tar
